Component: ARM Compiler 5.06 update 5 (build 528) Tool: armlink [4d35e2]

==============================================================================

Section Cross References

    main.o(i.IWDG_Feed) refers to stm32f10x_iwdg.o(i.IWDG_ReloadCounter) for IWDG_ReloadCounter
    main.o(i.IWDG_Init) refers to stm32f10x_iwdg.o(i.IWDG_WriteAccessCmd) for IWDG_WriteAccessCmd
    main.o(i.IWDG_Init) refers to stm32f10x_iwdg.o(i.IWDG_SetPrescaler) for IWDG_SetPrescaler
    main.o(i.IWDG_Init) refers to stm32f10x_iwdg.o(i.IWDG_SetReload) for IWDG_SetReload
    main.o(i.IWDG_Init) refers to stm32f10x_iwdg.o(i.IWDG_ReloadCounter) for IWDG_ReloadCounter
    main.o(i.IWDG_Init) refers to stm32f10x_iwdg.o(i.IWDG_Enable) for IWDG_Enable
    main.o(i.main) refers to delay.o(i.delay_init) for delay_init
    main.o(i.main) refers to usart.o(i.my_uart_recv_buf_init) for my_uart_recv_buf_init
    main.o(i.main) refers to usart.o(i.uart_init) for uart_init
    main.o(i.main) refers to usart.o(i.uart2_init) for uart2_init
    main.o(i.main) refers to usart.o(i.uart3_init) for uart3_init
    main.o(i.main) refers to stmflash.o(i.cfg_init) for cfg_init
    main.o(i.main) refers to gizwits_protocol.o(i.gizwitsInit) for gizwitsInit
    main.o(i.main) refers to mysoftiic.o(i.HAL_SOFT_I2C_Init) for HAL_SOFT_I2C_Init
    main.o(i.main) refers to max30102.o(i.max30102_init) for max30102_init
    main.o(i.main) refers to mpu_6050.o(i.InitMPU6050) for InitMPU6050
    main.o(i.main) refers to oled.o(i.OLED_Init) for OLED_Init
    main.o(i.main) refers to oled.o(i.OLED_Clear) for OLED_Clear
    main.o(i.main) refers to gui.o(i.GUI_ClearMap) for GUI_ClearMap
    main.o(i.main) refers to menu.o(i.Menu_Init) for Menu_Init
    main.o(i.main) refers to ds18b20.o(i.DS18B20_Init) for DS18B20_Init
    main.o(i.main) refers to delay.o(i.millis_elapsed) for millis_elapsed
    main.o(i.main) refers to delay.o(i.systicks_get) for systicks_get
    main.o(i.main) refers to menu.o(i.Menu_Task) for Menu_Task
    main.o(i.main) refers to noretval__2printf.o(.text) for __2printf
    main.o(i.main) refers to fflt_clz.o(x$fpl$ffltu) for __aeabi_ui2f
    main.o(i.main) refers to frleqf.o(x$fpl$frleqf) for __aeabi_cfrcmple
    main.o(i.main) refers to f2d.o(x$fpl$f2d) for __aeabi_f2d
    main.o(i.main) refers to daddsub_clz.o(x$fpl$dsub) for __aeabi_dsub
    main.o(i.main) refers to drleqf.o(x$fpl$drleqf) for __aeabi_cdrcmple
    main.o(i.main) refers to sms4g.o(i.send_sms_alarm) for send_sms_alarm
    main.o(i.main) refers to sms4g.o(i.sms_fsm_handler) for sms_fsm_handler
    main.o(i.main) refers to max30102.o(i.heart_data_get) for heart_data_get
    main.o(i.main) refers to max30102.o(i.get_sw_status) for get_sw_status
    main.o(i.main) refers to mpu_6050.o(i.mpu6050_get_accelangle) for mpu6050_get_accelangle
    main.o(i.main) refers to dleqf.o(x$fpl$dleqf) for __aeabi_cdcmple
    main.o(i.main) refers to ds18b20.o(i.DS18B20_Get_Temp) for DS18B20_Get_Temp
    main.o(i.main) refers to usart.o(i.queue_read) for queue_read
    main.o(i.main) refers to usart.o(i.my_gps_handle_rx) for my_gps_handle_rx
    main.o(i.main) refers to usart.o(i.gps_to_gcj) for gps_to_gcj
    main.o(i.main) refers to gizwits_product.o(i.userHandle) for userHandle
    main.o(i.main) refers to gizwits_protocol.o(i.gizwitsHandle) for gizwitsHandle
    main.o(i.main) refers to led.o(.data) for gled
    main.o(i.main) refers to key.o(.data) for gkey
    main.o(i.main) refers to main.o(.bss) for tMainMenu
    main.o(i.main) refers to mainhmi.o(i.Hmi_LoadMainHmi) for Hmi_LoadMainHmi
    main.o(i.main) refers to mainhmi.o(i.Hmi_MainTask) for Hmi_MainTask
    main.o(i.main) refers to main.o(.data) for key_scan_tick
    main.o(i.main) refers to app.o(.bss) for g_appdata
    main.o(i.main) refers to stmflash.o(.bss) for cfg_data
    main.o(i.main) refers to usart.o(.data) for my_uart2_rx_Q
    main.o(i.main) refers to gps.o(.bss) for gpsdata
    main.o(i.main) refers to gizwits_product.o(.bss) for currentDataPoint
    system_stm32f10x.o(i.SetSysClock) refers to system_stm32f10x.o(i.SetSysClockTo72) for SetSysClockTo72
    system_stm32f10x.o(i.SystemCoreClockUpdate) refers to system_stm32f10x.o(.data) for SystemCoreClock
    system_stm32f10x.o(i.SystemInit) refers to system_stm32f10x.o(i.SetSysClock) for SetSysClock
    fft_256.o(i.arm_fir_f32) refers to fmul.o(x$fpl$fmul) for __aeabi_fmul
    fft_256.o(i.arm_fir_f32) refers to faddsub_clz.o(x$fpl$fadd) for __aeabi_fadd
    fft_256.o(i.arm_fir_init_f32) refers to rt_memclr_w.o(.text) for __aeabi_memclr4
    fft_256.o(i.ir_max30102_fir) refers to fft_256.o(i.arm_fir_f32) for arm_fir_f32
    fft_256.o(i.ir_max30102_fir) refers to fft_256.o(.data) for blockSize
    fft_256.o(i.ir_max30102_fir) refers to fft_256.o(.bss) for S_ir
    fft_256.o(i.max30102_fir_init) refers to fft_256.o(i.arm_fir_init_f32) for arm_fir_init_f32
    fft_256.o(i.max30102_fir_init) refers to fft_256.o(.data) for blockSize
[...]
    GPIO_PinRemapConfig                      0x08002009   Thumb Code   138  stm32f10x_gpio.o(i.GPIO_PinRemapConfig)
    GPIO_ReadInputDataBit                    0x08002099   Thumb Code    18  stm32f10x_gpio.o(i.GPIO_ReadInputDataBit)
    GPIO_ResetBits                           0x080020ab   Thumb Code     4  stm32f10x_gpio.o(i.GPIO_ResetBits)
    GPIO_SetBits                             0x080020af   Thumb Code     4  stm32f10x_gpio.o(i.GPIO_SetBits)
    GUI_Center_Bmp                           0x080020b3   Thumb Code    72  gui.o(i.GUI_Center_Bmp)
    GUI_Center_str                           0x080020fb   Thumb Code    44  gui.o(i.GUI_Center_str)
    GUI_ClearMap                             0x08002129   Thumb Code    40  gui.o(i.GUI_ClearMap)
    GUI_ShowBMP                              0x08002155   Thumb Code   376  gui.o(i.GUI_ShowBMP)
    GUI_ShowChar                             0x080022d1   Thumb Code   460  gui.o(i.GUI_ShowChar)
    GUI_ShowChinese                          0x080024a9   Thumb Code   360  gui.o(i.GUI_ShowChinese)
    GUI_ShowMap                              0x08002619   Thumb Code    10  gui.o(i.GUI_ShowMap)
    GUI_WriteMap                             0x08002629   Thumb Code   108  gui.o(i.GUI_WriteMap)
    GUI_printf                               0x08002699   Thumb Code   128  gui.o(i.GUI_printf)
    GetArgv                                  0x0800271d   Thumb Code    80  gps.o(i.GetArgv)
    HAL_SOFT_I2C_Init                        0x080027c5   Thumb Code   172  mysoftiic.o(i.HAL_SOFT_I2C_Init)
    HAL_SOFT_I2C_MemRead                     0x080028c1   Thumb Code   276  mysoftiic.o(i.HAL_SOFT_I2C_MemRead)
    HAL_SOFT_I2C_MemWrite                    0x080029d9   Thumb Code   226  mysoftiic.o(i.HAL_SOFT_I2C_MemWrite)
    HAL_SOFT_I2C_Receive                     0x08002b71   Thumb Code   120  mysoftiic.o(i.HAL_SOFT_I2C_Receive)
    HAL_SOFT_I2C_Transmit                    0x08002dd9   Thumb Code   110  mysoftiic.o(i.HAL_SOFT_I2C_Transmit)
    HAL_SOFT_IIC_GPIO_Init                   0x08002e95   Thumb Code   176  mysoftiic.o(i.HAL_SOFT_IIC_GPIO_Init)
    HardFault_Handler                        0x08002f49   Thumb Code     4  stm32f10x_it.o(i.HardFault_Handler)
    Hmi_LoadMainHmi                          0x08002f4d   Thumb Code    20  mainhmi.o(i.Hmi_LoadMainHmi)
    Hmi_MainTask                             0x08002f6d   Thumb Code    14  mainhmi.o(i.Hmi_MainTask)
    InitMPU6050                              0x08003045   Thumb Code    44  mpu_6050.o(i.InitMPU6050)
    MemManage_Handler                        0x08003071   Thumb Code     4  stm32f10x_it.o(i.MemManage_Handler)
    MenuManage_get                           0x08003075   Thumb Code     4  menu.o(i.MenuManage_get)
    Menu_Bind                                0x0800307d   Thumb Code    50  menu.o(i.Menu_Bind)
    Menu_Enter                               0x080030b5   Thumb Code   132  menu.o(i.Menu_Enter)
    Menu_Exit                                0x0800313d   Thumb Code   136  menu.o(i.Menu_Exit)
    Menu_Init                                0x080031c9   Thumb Code    94  menu.o(i.Menu_Init)
    Menu_SelectNext                          0x08003231   Thumb Code    84  menu.o(i.Menu_SelectNext)
    Menu_SelectPrevious                      0x08003289   Thumb Code    74  menu.o(i.Menu_SelectPrevious)
    Menu_Task                                0x080032d9   Thumb Code   234  menu.o(i.Menu_Task)
    NMI_Handler                              0x080033c9   Thumb Code     2  stm32f10x_it.o(i.NMI_Handler)
    NVIC_Init                                0x080033cd   Thumb Code   100  misc.o(i.NVIC_Init)
    OLED_Clear                               0x08003465   Thumb Code    64  oled.o(i.OLED_Clear)
    OLED_Init                                0x080034a5   Thumb Code   236  oled.o(i.OLED_Init)
    OLED_Set_Pos                             0x08003591   Thumb Code    42  oled.o(i.OLED_Set_Pos)
    OLED_ShowPic                             0x080035bb   Thumb Code    56  oled.o(i.OLED_ShowPic)
    OLED_WR_Byte                             0x080035f3   Thumb Code    24  oled.o(i.OLED_WR_Byte)
    PendSV_Handler                           0x080036e1   Thumb Code     2  stm32f10x_it.o(i.PendSV_Handler)
    RCC_APB1PeriphClockCmd                   0x080036e5   Thumb Code    26  stm32f10x_rcc.o(i.RCC_APB1PeriphClockCmd)
    RCC_APB2PeriphClockCmd                   0x08003705   Thumb Code    26  stm32f10x_rcc.o(i.RCC_APB2PeriphClockCmd)
    RCC_GetClocksFreq                        0x08003725   Thumb Code   192  stm32f10x_rcc.o(i.RCC_GetClocksFreq)
    SVC_Handler                              0x080037f9   Thumb Code     2  stm32f10x_it.o(i.SVC_Handler)
    SysTick_Handler                          0x08003919   Thumb Code    46  delay.o(i.SysTick_Handler)
    SystemInit                               0x08003955   Thumb Code    78  system_stm32f10x.o(i.SystemInit)
    TIM2_IRQHandler                          0x080039b5   Thumb Code    22  timer.o(i.TIM2_IRQHandler)
    TIM_ClearITPendingBit                    0x080039cb   Thumb Code     6  stm32f10x_tim.o(i.TIM_ClearITPendingBit)
    TIM_GetITStatus                          0x080039d1   Thumb Code    34  stm32f10x_tim.o(i.TIM_GetITStatus)
    USART1_IRQHandler                        0x080039f5   Thumb Code    36  usart.o(i.USART1_IRQHandler)
    USART1_Send_Data                         0x08003a21   Thumb Code    56  usart.o(i.USART1_Send_Data)
    USART2_IRQHandler                        0x08003a5d   Thumb Code    36  usart.o(i.USART2_IRQHandler)
    USART3_IRQHandler                        0x08003a89   Thumb Code    34  usart.o(i.USART3_IRQHandler)
    USART_Cmd                                0x08003ab1   Thumb Code    24  stm32f10x_usart.o(i.USART_Cmd)
    USART_GetFlagStatus                      0x08003ac9   Thumb Code    26  stm32f10x_usart.o(i.USART_GetFlagStatus)
    USART_GetITStatus                        0x08003ae3   Thumb Code    84  stm32f10x_usart.o(i.USART_GetITStatus)
    USART_ITConfig                           0x08003b37   Thumb Code    74  stm32f10x_usart.o(i.USART_ITConfig)
    USART_Init                               0x08003b81   Thumb Code   210  stm32f10x_usart.o(i.USART_Init)
    USART_ReceiveData                        0x08003c59   Thumb Code    10  stm32f10x_usart.o(i.USART_ReceiveData)
    USART_SendData                           0x08003c63   Thumb Code     8  stm32f10x_usart.o(i.USART_SendData)
    UsageFault_Handler                       0x08003c6b   Thumb Code     4  stm32f10x_it.o(i.UsageFault_Handler)
    Write_IIC_Command                        0x08003c6f   Thumb Code    42  oled.o(i.Write_IIC_Command)
    Write_IIC_Data                           0x08003c99   Thumb Code    44  oled.o(i.Write_IIC_Data)
    __ARM_fpclassify                         0x08003cc5   Thumb Code    40  fpclassify.o(i.__ARM_fpclassify)
    __ieee754_rem_pio2                       0x08003ced   Thumb Code   828  rred.o(i.__ieee754_rem_pio2)
    __kernel_cos                             0x08004075   Thumb Code   230  cos_i.o(i.__kernel_cos)
    __kernel_poly                            0x08004171   Thumb Code   170  poly.o(i.__kernel_poly)
    __kernel_sin                             0x0800421d   Thumb Code   224  sin_i.o(i.__kernel_sin)
    __mathlib_dbl_divzero                    0x08004309   Thumb Code    12  dunder.o(i.__mathlib_dbl_divzero)
    __mathlib_dbl_infnan                     0x08004319   Thumb Code     6  dunder.o(i.__mathlib_dbl_infnan)
    __mathlib_dbl_infnan2                    0x0800431f   Thumb Code     4  dunder.o(i.__mathlib_dbl_infnan2)
    __mathlib_dbl_invalid                    0x08004323   Thumb Code    12  dunder.o(i.__mathlib_dbl_invalid)
    __mathlib_dbl_overflow                   0x0800432f   Thumb Code    14  dunder.o(i.__mathlib_dbl_overflow)
    __mathlib_dbl_underflow                  0x0800433d   Thumb Code    10  dunder.o(i.__mathlib_dbl_underflow)
    _is_digit                                0x0800434d   Thumb Code    14  __printf_wp.o(i._is_digit)
    _sys_exit                                0x0800435b   Thumb Code     4  usart.o(i._sys_exit)
    arm_fir_f32                              0x0800435f   Thumb Code  1934  fft_256.o(i.arm_fir_f32)
    arm_fir_init_f32                         0x08004aed   Thumb Code    40  fft_256.o(i.arm_fir_init_f32)
    calculateDynamicBitPartLen               0x08004b15   Thumb Code    28  gizwits_protocol.o(i.calculateDynamicBitPartLen)
    cfg_init                                 0x08004b31   Thumb Code    30  stmflash.o(i.cfg_init)
    cfg_load_default                         0x08004b55   Thumb Code    30  config.o(i.cfg_load_default)
    cfg_restore                              0x08004b85   Thumb Code    48  stmflash.o(i.cfg_restore)
    cfg_validation                           0x08004bcd   Thumb Code    42  stmflash.o(i.cfg_validation)
    check_response                           0x08004c01   Thumb Code   144  sms4g.o(i.check_response)
    check_timeout                            0x08004ca1   Thumb Code    26  sms4g.o(i.check_timeout)
    cos                                      0x08004d05   Thumb Code   148  cos.o(i.cos)
    crc32_getvalue                           0x08004da1   Thumb Code    60  crc.o(i.crc32_getvalue)
    decrypt_uid                              0x08004de1   Thumb Code     8  stmflash.o(i.decrypt_uid)
    delay_init                               0x08004de9   Thumb Code    28  delay.o(i.delay_init)
    delay_ms                                 0x08004e0d   Thumb Code    22  delay.o(i.delay_ms)
    delay_us                                 0x08004e23   Thumb Code    72  delay.o(i.delay_us)
    exchangeBytes                            0x08004e6b   Thumb Code    26  common.o(i.exchangeBytes)
    exchangeWord                             0x08004e85   Thumb Code    26  common.o(i.exchangeWord)
    flex_button_register                     0x08005141   Thumb Code   116  flexible_button.o(i.flex_button_register)
    flex_button_scan                         0x080051c1   Thumb Code    22  flexible_button.o(i.flex_button_scan)
    fmod                                     0x080051d9   Thumb Code   144  fmod.o(i.fmod)
    fputc                                    0x0800526d   Thumb Code    24  usart.o(i.fputc)
    get_code_run                             0x08005289   Thumb Code     6  stmflash.o(i.get_code_run)
    get_sw_status                            0x08005295   Thumb Code     6  max30102.o(i.get_sw_status)
    gizAcrossByteJudge                       0x080052a1   Thumb Code    42  datapointtools.o(i.gizAcrossByteJudge)
    gizByteOrderExchange                     0x080052cb   Thumb Code    50  datapointtools.o(i.gizByteOrderExchange)
    gizGetTimerCount                         0x08005bf5   Thumb Code     6  gizwits_product.o(i.gizGetTimerCount)
    gizProtocolSum                           0x08006b05   Thumb Code    38  common.o(i.gizProtocolSum)
    gizPutData                               0x08006bdd   Thumb Code    52  gizwits_protocol.o(i.gizPutData)
    gizTimerMs                               0x08006d49   Thumb Code    12  gizwits_product.o(i.gizTimerMs)
    gizVarlenCompressValue                   0x08006d59   Thumb Code   124  datapointtools.o(i.gizVarlenCompressValue)
    gizX2Y                                   0x08006dd5   Thumb Code    12  datapointtools.o(i.gizX2Y)
    gizY2X                                   0x08006de1   Thumb Code    14  datapointtools.o(i.gizY2X)
    gizY2XFloat                              0x08006def   Thumb Code    42  datapointtools.o(i.gizY2XFloat)
    gizwitsEventProcess                      0x08006e19   Thumb Code   324  gizwits_product.o(i.gizwitsEventProcess)
    gizwitsHandle                            0x08007035   Thumb Code   554  gizwits_protocol.o(i.gizwitsHandle)
    gizwitsInit                              0x0800735d   Thumb Code    48  gizwits_protocol.o(i.gizwitsInit)
    gizwitsSetMode                           0x080073c1   Thumb Code   590  gizwits_protocol.o(i.gizwitsSetMode)
    gnrmc_deal                               0x08007649   Thumb Code   120  gps.o(i.gnrmc_deal)
    gps_to_gcj                               0x080076c5   Thumb Code   372  usart.o(i.gps_to_gcj)
    handle_retry                             0x08007865   Thumb Code    44  sms4g.o(i.handle_retry)
    heart_data_get                           0x08007895   Thumb Code   230  max30102.o(i.heart_data_get)
    hmi_data_menu_load                       0x080079d1   Thumb Code   160  mainhmi.o(i.hmi_data_menu_load)
    hmi_main_set_menu_load                   0x08007ab1   Thumb Code    14  main_set_menu_hmi.o(i.hmi_main_set_menu_load)
    hmi_prompt_menu_load                     0x08007ac9   Thumb Code    40  mainhmi.o(i.hmi_prompt_menu_load)
    hmi_set_menu_load                        0x08007b05   Thumb Code    40  mainhmi.o(i.hmi_set_menu_load)
    hmi_status_menu_load                     0x08007b39   Thumb Code   114  mainhmi.o(i.hmi_status_menu_load)
    ir_max30102_fir                          0x08007cc9   Thumb Code    22  fft_256.o(i.ir_max30102_fir)
    is_uid_legal                             0x08007ce9   Thumb Code    74  stmflash.o(i.is_uid_legal)
    main                                     0x08007d7d   Thumb Code  1208  main.o(i.main)
    max30102_clear_status                    0x08008441   Thumb Code    36  max30102.o(i.max30102_clear_status)
    max30102_fifo_data_get                   0x08008465   Thumb Code   220  max30102.o(i.max30102_fifo_data_get)
    max30102_fifo_data_valie                 0x08008555   Thumb Code   140  max30102.o(i.max30102_fifo_data_valie)
    max30102_fir_init                        0x080085ed   Thumb Code    40  fft_256.o(i.max30102_fir_init)
    max30102_getHeartRate                    0x0800862d   Thumb Code   172  max30102.o(i.max30102_getHeartRate)
    max30102_getSpO2                         0x080086d9   Thumb Code   272  max30102.o(i.max30102_getSpO2)
    max30102_init                            0x0800883d   Thumb Code   254  max30102.o(i.max30102_init)
    mcuRestart                               0x08008941   Thumb Code    10  gizwits_product.o(i.mcuRestart)
    menu_key_scan_cb                         0x0800894d   Thumb Code    84  menu_key.o(i.menu_key_scan_cb)
    millis_elapsed                           0x080089bd   Thumb Code    12  delay.o(i.millis_elapsed)
    mpu6050_get_accelangle                   0x080089c9   Thumb Code   166  mpu_6050.o(i.mpu6050_get_accelangle)
    my_gps_handle_rx                         0x08008a85   Thumb Code   114  usart.o(i.my_gps_handle_rx)
    my_uart_recv_buf_init                    0x08008b01   Thumb Code    20  usart.o(i.my_uart_recv_buf_init)
    parse_gps_cmd                            0x08008c65   Thumb Code    62  usart.o(i.parse_gps_cmd)
    pow                                      0x08008cb5   Thumb Code  2512  pow.o(i.pow)
    precise_transform                        0x080097d5   Thumb Code   666  usart.o(i.precise_transform)
    prompt__menu_set                         0x08009a9d   Thumb Code    18  menu_key.o(i.prompt__menu_set)
    queue_read                               0x08009aaf   Thumb Code    98  usart.o(i.queue_read)
    queue_write                              0x08009b11   Thumb Code   112  usart.o(i.queue_write)
    rbCanRead                                0x08009b81   Thumb Code    58  ringbuffer.o(i.rbCanRead)
    rbCanWrite                               0x08009bbb   Thumb Code    30  ringbuffer.o(i.rbCanWrite)
    rbCapacity                               0x08009bd9   Thumb Code    14  ringbuffer.o(i.rbCapacity)
    rbCreate                                 0x08009be7   Thumb Code    20  ringbuffer.o(i.rbCreate)
    rbRead                                   0x08009bfb   Thumb Code   190  ringbuffer.o(i.rbRead)
    rbReadIndicator                          0x08009cb9   Thumb Code    30  ringbuffer.o(i.rbReadIndicator)
    rbWrite                                  0x08009cd7   Thumb Code   186  ringbuffer.o(i.rbWrite)
    rbWriteIndicator                         0x08009d91   Thumb Code    30  ringbuffer.o(i.rbWriteIndicator)
    readUID                                  0x08009db1   Thumb Code    24  stmflash.o(i.readUID)
    red_max30102_fir                         0x08009dcd   Thumb Code    22  fft_256.o(i.red_max30102_fir)
    send_next_command                        0x08009ded   Thumb Code    44  sms4g.o(i.send_next_command)
    send_sms_alarm                           0x08009e1d   Thumb Code   102  sms4g.o(i.send_sms_alarm)
    sms_fsm_handler                          0x0800a075   Thumb Code   440  sms4g.o(i.sms_fsm_handler)
    sms_send_trigger                         0x0800a295   Thumb Code    64  sms4g.o(i.sms_send_trigger)
    sqrt                                     0x0800a2d9   Thumb Code    76  sqrt.o(i.sqrt)
    status__menu_set                         0x0800a325   Thumb Code    14  menu_key.o(i.status__menu_set)
    stm32_flash_read                         0x0800a335   Thumb Code    64  stmflash.o(i.stm32_flash_read)
    stm32_flash_write                        0x0800a3a5   Thumb Code    88  stmflash.o(i.stm32_flash_write)
    systicks_get                             0x0800a401   Thumb Code     6  delay.o(i.systicks_get)
    uart2_init                               0x0800a40d   Thumb Code   154  usart.o(i.uart2_init)
    uart3_init                               0x0800a4b1   Thumb Code   160  usart.o(i.uart3_init)
    uartWrite                                0x0800a559   Thumb Code    90  gizwits_product.o(i.uartWrite)
    uart_init                                0x0800a5bd   Thumb Code   152  usart.o(i.uart_init)
    unicode_to_ucs2be                        0x0800a65d   Thumb Code    44  sms4g.o(i.unicode_to_ucs2be)
    userHandle                               0x0800a689   Thumb Code   180  gizwits_product.o(i.userHandle)
    _get_lc_numeric                          0x0800a749   Thumb Code    44  lc_numeric_c.o(locale$$code)
    __aeabi_d2f                              0x0800a775   Thumb Code     0  d2f.o(x$fpl$d2f)
    _d2f                                     0x0800a775   Thumb Code    98  d2f.o(x$fpl$d2f)
    __aeabi_dadd                             0x0800a7d9   Thumb Code     0  daddsub_clz.o(x$fpl$dadd)
    _dadd                                    0x0800a7d9   Thumb Code   332  daddsub_clz.o(x$fpl$dadd)
    __fpl_dcheck_NaN1                        0x0800a929   Thumb Code    10  dcheck1.o(x$fpl$dcheck1)
    __fpl_dcmp_Inf                           0x0800a939   Thumb Code    24  dcmpi.o(x$fpl$dcmpinf)
    __aeabi_ddiv                             0x0800a951   Thumb Code     0  ddiv.o(x$fpl$ddiv)
    _ddiv                                    0x0800a951   Thumb Code   552  ddiv.o(x$fpl$ddiv)
    __aeabi_d2iz                             0x0800ac01   Thumb Code     0  dfix.o(x$fpl$dfix)
    _dfix                                    0x0800ac01   Thumb Code    94  dfix.o(x$fpl$dfix)
    __aeabi_i2d                              0x0800ac5f   Thumb Code     0  dflt_clz.o(x$fpl$dflt)
    _dflt                                    0x0800ac5f   Thumb Code    46  dflt_clz.o(x$fpl$dflt)
    __aeabi_ui2d                             0x0800ac8d   Thumb Code     0  dflt_clz.o(x$fpl$dfltu)
    _dfltu                                   0x0800ac8d   Thumb Code    38  dflt_clz.o(x$fpl$dfltu)
    __aeabi_cdcmple                          0x0800acb5   Thumb Code     0  dleqf.o(x$fpl$dleqf)
    _dcmple                                  0x0800acb5   Thumb Code   120  dleqf.o(x$fpl$dleqf)
    __fpl_dcmple_InfNaN                      0x0800ad17   Thumb Code     0  dleqf.o(x$fpl$dleqf)
    __aeabi_dmul                             0x0800ad2d   Thumb Code     0  dmul.o(x$fpl$dmul)
    _dmul                                    0x0800ad2d   Thumb Code   332  dmul.o(x$fpl$dmul)
    __fpl_dnaninf                            0x0800ae81   Thumb Code   156  dnaninf.o(x$fpl$dnaninf)
    _drem                                    0x0800af1d   Thumb Code   328  drem_clz.o(x$fpl$drem)
    __fpl_dretinf                            0x0800b06d   Thumb Code    12  dretinf.o(x$fpl$dretinf)
    __aeabi_cdrcmple                         0x0800b079   Thumb Code     0  drleqf.o(x$fpl$drleqf)
    _drcmple                                 0x0800b079   Thumb Code   108  drleqf.o(x$fpl$drleqf)
    __aeabi_drsub                            0x0800b0e5   Thumb Code     0  daddsub_clz.o(x$fpl$drsb)
    _drsb                                    0x0800b0e5   Thumb Code    22  daddsub_clz.o(x$fpl$drsb)
    _dsqrt                                   0x0800b0fd   Thumb Code   456  dsqrt_noumaal.o(x$fpl$dsqrt)
    __aeabi_dsub                             0x0800b2c9   Thumb Code     0  daddsub_clz.o(x$fpl$dsub)
    _dsub                                    0x0800b2c9   Thumb Code   464  daddsub_clz.o(x$fpl$dsub)
    __aeabi_f2d                              0x0800b49d   Thumb Code     0  f2d.o(x$fpl$f2d)
    _f2d                                     0x0800b49d   Thumb Code    86  f2d.o(x$fpl$f2d)
    __aeabi_fadd                             0x0800b4f5   Thumb Code     0  faddsub_clz.o(x$fpl$fadd)
    _fadd                                    0x0800b4f5   Thumb Code   196  faddsub_clz.o(x$fpl$fadd)
    __fpl_fcmp_Inf                           0x0800b5b9   Thumb Code    24  fcmpi.o(x$fpl$fcmpinf)
    __aeabi_fdiv                             0x0800b5d1   Thumb Code     0  fdiv.o(x$fpl$fdiv)
    _fdiv                                    0x0800b5d1   Thumb Code   384  fdiv.o(x$fpl$fdiv)
    __aeabi_cfcmpeq                          0x0800b755   Thumb Code     0  feqf.o(x$fpl$feqf)
    _fcmpeq                                  0x0800b755   Thumb Code   104  feqf.o(x$fpl$feqf)
    __aeabi_f2iz                             0x0800b7bd   Thumb Code     0  ffix.o(x$fpl$ffix)
    _ffix                                    0x0800b7bd   Thumb Code    54  ffix.o(x$fpl$ffix)
    __aeabi_f2uiz                            0x0800b7f5   Thumb Code     0  ffixu.o(x$fpl$ffixu)
    _ffixu                                   0x0800b7f5   Thumb Code    62  ffixu.o(x$fpl$ffixu)
    __aeabi_i2f                              0x0800b835   Thumb Code     0  fflt_clz.o(x$fpl$fflt)
    _fflt                                    0x0800b835   Thumb Code    48  fflt_clz.o(x$fpl$fflt)
    __aeabi_ui2f                             0x0800b865   Thumb Code     0  fflt_clz.o(x$fpl$ffltu)
    _ffltu                                   0x0800b865   Thumb Code    38  fflt_clz.o(x$fpl$ffltu)
    __aeabi_cfcmple                          0x0800b88d   Thumb Code     0  fleqf.o(x$fpl$fleqf)
    _fcmple                                  0x0800b88d   Thumb Code   104  fleqf.o(x$fpl$fleqf)
    __fpl_fcmple_InfNaN                      0x0800b8df   Thumb Code     0  fleqf.o(x$fpl$fleqf)
    __aeabi_fmul                             0x0800b8f5   Thumb Code     0  fmul.o(x$fpl$fmul)
    _fmul                                    0x0800b8f5   Thumb Code   258  fmul.o(x$fpl$fmul)
    __fpl_fnaninf                            0x0800b9f7   Thumb Code   140  fnaninf.o(x$fpl$fnaninf)
    __fpl_fretinf                            0x0800ba83   Thumb Code    10  fretinf.o(x$fpl$fretinf)
    __aeabi_cfrcmple                         0x0800ba8d   Thumb Code     0  frleqf.o(x$fpl$frleqf)
    _frcmple                                 0x0800ba8d   Thumb Code    98  frleqf.o(x$fpl$frleqf)
    __aeabi_fsub                             0x0800baf1   Thumb Code     0  faddsub_clz.o(x$fpl$fsub)
    _fsub                                    0x0800baf1   Thumb Code   234  faddsub_clz.o(x$fpl$fsub)
    _printf_fp_dec                           0x0800bbdb   Thumb Code     4  printf1.o(x$fpl$printf1)
    __fpl_return_NaN                         0x0800bbdf   Thumb Code   100  retnan.o(x$fpl$retnan)
    __ARM_scalbn                             0x0800bc43   Thumb Code    92  scalbn.o(x$fpl$scalbn)
    __fpl_cmpreturn                          0x0800bc9f   Thumb Code    48  trapv.o(x$fpl$trapveneer)
    __I$use$fp                               0x0800bcce   Number         0  usenofp.o(x$fpl$usenofp)
    firCoeffs32LP                            0x0800bcd0   Data         116  fft_256.o(.constdata)
    F6x8                                     0x0800c020   Data         552  gui.o(.constdata)
    F8X16                                    0x0800c248   Data        1520  gui.o(.constdata)
    CN16_Msk                                 0x0800c838   Data        2754  gui.o(.constdata)
    HEARTBEAT                                0x0800d2fa   Data         256  gui.o(.constdata)
    SETUP                                    0x0800d3fa   Data         256  gui.o(.constdata)
    oldmen                                   0x0800d4fa   Data         128  gui.o(.constdata)
    oldmen_fall                              0x0800d57a   Data         128  gui.o(.constdata)
    __mathlib_zero                           0x0800d6f0   Data           8  qnan.o(.constdata)
    Region$$Table$$Base                      0x0800daf0   Number         0  anon$$obj.o(Region$$Table)
    Region$$Table$$Limit                     0x0800db10   Number         0  anon$$obj.o(Region$$Table)
    gps_len                                  0x20000000   Data           2  main.o(.data)
    sms_len                                  0x20000002   Data           2  main.o(.data)
    alarmFlag                                0x2000003c   Data           1  main.o(.data)
    blockSize                                0x20000040   Data           4  fft_256.o(.data)
    numBlocks                                0x20000044   Data           4  fft_256.o(.data)
    my_uart1_rx_Q                            0x20000064   Data          20  usart.o(.data)
    my_uart2_rx_Q                            0x20000078   Data          20  usart.o(.data)
    my_uart3_rx_Q                            0x2000008c   Data          20  usart.o(.data)
    __stdout                                 0x200000a0   Data           4  usart.o(.data)
    gled                                     0x200000a8   Data          20  led.o(.data)
    gkey                                     0x20000158   Data          12  key.o(.data)
    sg_MainMenuTable                         0x2000016c   Data          96  mainhmi.o(.data)
    sg_set_menuTable                         0x200001d8   Data         168  main_set_menu_hmi.o(.data)
    aRxBuffer                                0x20000284   Data           1  gizwits_product.o(.data)
    g_logic_level                            0x2000029c   Data           4  flexible_button.o(.data)
    g_btn_status_reg                         0x200002a0   Data           4  flexible_button.o(.data)
    max30102_int_flag                        0x200002a6   Data           1  max30102.o(.data)
    cache_counter                            0x200002a8   Data           2  max30102.o(.data)
    gps_szbuf                                0x200002ac   Data         256  main.o(.bss)
    sms_szbuf                                0x200003ac   Data         256  main.o(.bss)
    sms_alarm_buf                            0x200004ac   Data         256  main.o(.bss)
    mpu6050buf                               0x200005ac   Data          12  main.o(.bss)
    g_appdata                                0x200005c8   Data          72  app.o(.bss)
    S_ir                                     0x20000610   Data          12  fft_256.o(.bss)
    S_red                                    0x2000061c   Data          12  fft_256.o(.bss)
    g_uart1_ring_buffer                      0x20000710   Data        1024  usart.o(.bss)
    g_uart2_ring_buffer                      0x20000b10   Data        1024  usart.o(.bss)
    g_uart3_ring_buffer                      0x20000f10   Data         256  usart.o(.bss)
    g_sms_fsm                                0x2000119c   Data          32  sms4g.o(.bss)
    rx_buf                                   0x200014bc   Data         128  sms4g.o(.bss)
    Map                                      0x200015bc   Data        1024  gui.o(.bss)
    spanSet                                  0x200019bc   Data          28  gui.o(.bss)
    oledShowBuf                              0x200019d8   Data         128  mainhmi.o(.bss)
    currentDataPoint                         0x20001b98   Data          52  gizwits_product.o(.bss)
    gizwitsProtocol                          0x20001bcc   Data        1240  gizwits_protocol.o(.bss)
    pRb                                      0x200020a4   Data          16  gizwits_protocol.o(.bss)
    gpsdata                                  0x2000230c   Data          48  gps.o(.bss)
    ppg_data_cache_RED                       0x2000233c   Data         600  max30102.o(.bss)
    ppg_data_cache_IR                        0x20002594   Data         600  max30102.o(.bss)
    fifoData                                 0x200027ec   Data         180  max30102.o(.bss)
    max30102data                             0x200028a0   Data          12  max30102.o(.bss)
    iic_data                                 0x200028ac   Data         320  mysoftiic.o(.bss)
    cfg_data                                 0x200029ec   Data          20  stmflash.o(.bss)
    cfg_data_tmp                             0x20002a00   Data          20  stmflash.o(.bss)
    __libspace_start                         0x20002a14   Data          96  libspace.o(.bss)
    __temporary_stack_top$libspace           0x20002a74   Data           0  libspace.o(.bss)



==============================================================================

Memory Map of the image

  Image Entry point : 0x0800023d

  Load Region LR_1 (Base: 0x08000000, Size: 0x0000ddd8, Max: 0xffffffff, ABSOLUTE, COMPRESSED[0x0000dc20])

    Execution Region ER_RO (Exec base: 0x08000000, Load base: 0x08000000, Size: 0x0000db2c, Max: 0xffffffff, ABSOLUTE)

    Exec Addr    Load Addr    Size         Type   Attr      Idx    E Section Name        Object

    0x08000000   0x08000000   0x00000130   Data   RO          415    RESET               startup_stm32f10x_hd.o
    0x08000130   0x08000130   0x00000008   Code   RO         5556  * !!!main             c_w.l(__main.o)
    0x08000138   0x08000138   0x00000034   Code   RO         5995    !!!scatter          c_w.l(__scatter.o)
    0x0800016c   0x0800016c   0x0000005a   Code   RO         5993    !!dczerorl2         c_w.l(__dczerorl2.o)
    0x080001c6   0x080001c6   0x00000002   PAD
    0x080001c8   0x080001c8   0x0000001c   Code   RO         5997    !!handler_zi        c_w.l(__scatter_zi.o)
    0x080001e4   0x080001e4   0x00000000   Code   RO         5531    .ARM.Collect$$_printf_percent$$00000000  c_w.l(_printf_percent.o)
    0x080001e4   0x080001e4   0x00000006   Code   RO         5528    .ARM.Collect$$_printf_percent$$00000002  c_w.l(_printf_p.o)
    0x080001ea   0x080001ea   0x00000006   Code   RO         5530    .ARM.Collect$$_printf_percent$$00000003  c_w.l(_printf_f.o)
    0x080001f0   0x080001f0   0x00000006   Code   RO         5529    .ARM.Collect$$_printf_percent$$00000009  c_w.l(_printf_d.o)
    0x080001f6   0x080001f6   0x00000006   Code   RO         5527    .ARM.Collect$$_printf_percent$$0000000C  c_w.l(_printf_x.o)
    0x080001fc   0x080001fc   0x00000006   Code   RO         5526    .ARM.Collect$$_printf_percent$$00000014  c_w.l(_printf_s.o)
    0x08000202   0x08000202   0x00000004   Code   RO         5710    .ARM.Collect$$_printf_percent$$00000017  c_w.l(_printf_percent_end.o)
    0x08000206   0x08000206   0x00000002   Code   RO         5923    .ARM.Collect$$libinit$$00000000  c_w.l(libinit.o)
    0x08000208   0x08000208   0x00000000   Code   RO         5852    .ARM.Collect$$libinit$$00000002  c_w.l(libinit2.o)
    0x08000208   0x08000208   0x00000000   Code   RO         5854    .ARM.Collect$$libinit$$00000004  c_w.l(libinit2.o)
    0x08000208   0x08000208   0x00000000   Code   RO         5857    .ARM.Collect$$libinit$$0000000A  c_w.l(libinit2.o)
    0x08000208   0x08000208   0x00000000   Code   RO         5859    .ARM.Collect$$libinit$$0000000C  c_w.l(libinit2.o)
    0x08000208   0x08000208   0x00000000   Code   RO         5861    .ARM.Collect$$libinit$$0000000E  c_w.l(libinit2.o)
    0x08000208   0x08000208   0x00000006   Code   RO         5862    .ARM.Collect$$libinit$$0000000F  c_w.l(libinit2.o)
    0x0800020e   0x0800020e   0x00000000   Code   RO         5864    .ARM.Collect$$libinit$$00000011  c_w.l(libinit2.o)
    0x0800020e   0x0800020e   0x00000000   Code   RO         5866    .ARM.Collect$$libinit$$00000013  c_w.l(libinit2.o)
    0x0800020e   0x0800020e   0x00000000   Code   RO         5868    .ARM.Collect$$libinit$$00000015  c_w.l(libinit2.o)
    0x0800020e   0x0800020e   0x0000000a   Code   RO         5869    .ARM.Collect$$libinit$$00000016  c_w.l(libinit2.o)
    0x08000218   0x08000218   0x00000000   Code   RO         5870    .ARM.Collect$$libinit$$00000017  c_w.l(libinit2.o)
    0x08000218   0x08000218   0x00000000   Code   RO         5872    .ARM.Collect$$libinit$$00000019  c_w.l(libinit2.o)
    0x08000218   0x08000218   0x00000000   Code   RO         5874    .ARM.Collect$$libinit$$0000001B  c_w.l(libinit2.o)
    0x08000218   0x08000218   0x00000000   Code   RO         5876    .ARM.Collect$$libinit$$0000001D  c_w.l(libinit2.o)
    0x08000218   0x08000218   0x00000000   Code   RO         5878    .ARM.Collect$$libinit$$0000001F  c_w.l(libinit2.o)
    0x08000218   0x08000218   0x00000000   Code   RO         5880    .ARM.Collect$$libinit$$00000021  c_w.l(libinit2.o)
    0x08000218   0x08000218   0x00000000   Code   RO         5882    .ARM.Collect$$libinit$$00000023  c_w.l(libinit2.o)
    0x08000218   0x08000218   0x00000000   Code   RO         5884    .ARM.Collect$$libinit$$00000025  c_w.l(libinit2.o)
    0x08000218   0x08000218   0x00000000   Code   RO         5888    .ARM.Collect$$libinit$$0000002C  c_w.l(libinit2.o)
    0x08000218   0x08000218   0x00000000   Code   RO         5890    .ARM.Collect$$libinit$$0000002E  c_w.l(libinit2.o)
    0x08000218   0x08000218   0x00000000   Code   RO         5892    .ARM.Collect$$libinit$$00000030  c_w.l(libinit2.o)
    0x08000218   0x08000218   0x00000000   Code   RO         5894    .ARM.Collect$$libinit$$00000032  c_w.l(libinit2.o)
    0x08000218   0x08000218   0x00000002   Code   RO         5895    .ARM.Collect$$libinit$$00000033  c_w.l(libinit2.o)
    0x0800021a   0x0800021a   0x00000002   Code   RO         5990    .ARM.Collect$$libshutdown$$00000000  c_w.l(libshutdown.o)
    0x0800021c   0x0800021c   0x00000000   Code   RO         5944    .ARM.Collect$$libshutdown$$00000002  c_w.l(libshutdown2.o)
    0x0800021c   0x0800021c   0x00000000   Code   RO         5946    .ARM.Collect$$libshutdown$$00000004  c_w.l(libshutdown2.o)
    0x0800021c   0x0800021c   0x00000000   Code   RO         5949    .ARM.Collect$$libshutdown$$00000007  c_w.l(libshutdown2.o)
    0x0800021c   0x0800021c   0x00000000   Code   RO         5952    .ARM.Collect$$libshutdown$$0000000A  c_w.l(libshutdown2.o)
    0x0800021c   0x0800021c   0x00000000   Code   RO         5954    .ARM.Collect$$libshutdown$$0000000C  c_w.l(libshutdown2.o)
    0x0800021c   0x0800021c   0x00000000   Code   RO         5957    .ARM.Collect$$libshutdown$$0000000F  c_w.l(libshutdown2.o)
    0x0800021c   0x0800021c   0x00000002   Code   RO         5958    .ARM.Collect$$libshutdown$$00000010  c_w.l(libshutdown2.o)
    0x0800021e   0x0800021e   0x00000000   Code   RO         5660    .ARM.Collect$$rtentry$$00000000  c_w.l(__rtentry.o)
    0x0800021e   0x0800021e   0x00000000   Code   RO         5767    .ARM.Collect$$rtentry$$00000002  c_w.l(__rtentry2.o)
    0x0800021e   0x0800021e   0x00000006   Code   RO         5779    .ARM.Collect$$rtentry$$00000004  c_w.l(__rtentry4.o)
    0x08000224   0x08000224   0x00000000   Code   RO         5769    .ARM.Collect$$rtentry$$00000009  c_w.l(__rtentry2.o)
    0x08000224   0x08000224   0x00000004   Code   RO         5770    .ARM.Collect$$rtentry$$0000000A  c_w.l(__rtentry2.o)
    0x08000228   0x08000228   0x00000000   Code   RO         5772    .ARM.Collect$$rtentry$$0000000C  c_w.l(__rtentry2.o)
    0x08000228   0x08000228   0x00000008   Code   RO         5773    .ARM.Collect$$rtentry$$0000000D  c_w.l(__rtentry2.o)
    0x08000230   0x08000230   0x00000002   Code   RO         5929    .ARM.Collect$$rtexit$$00000000  c_w.l(rtexit.o)
    0x08000232   0x08000232   0x00000000   Code   RO         5964    .ARM.Collect$$rtexit$$00000002  c_w.l(rtexit2.o)
    0x08000232   0x08000232   0x00000004   Code   RO         5965    .ARM.Collect$$rtexit$$00000003  c_w.l(rtexit2.o)
    0x08000236   0x08000236   0x00000006   Code   RO         5966    .ARM.Collect$$rtexit$$00000004  c_w.l(rtexit2.o)
    0x0800023c   0x0800023c   0x00000040   Code   RO          416  * .text               startup_stm32f10x_hd.o
    0x0800027c   0x0800027c   0x00000002   Code   RO         5401    .text               c_w.l(use_no_semi_2.o)
    0x0800027e   0x0800027e   0x0000004e   Code   RO         5405    .text               c_w.l(h1_free.o)
    0x080002cc   0x080002cc   0x00000018   Code   RO         5469    .text               c_w.l(noretval__2printf.o)
    0x080002e4   0x080002e4   0x00000028   Code   RO         5471    .text               c_w.l(noretval__2sprintf.o)
    0x0800030c   0x0800030c   0x00000034   Code   RO         5473    .text               c_w.l(noretval__2snprintf.o)
    0x08000340   0x08000340   0x0000003c   Code   RO         5475    .text               c_w.l(noretval__2swprintf.o)
    0x0800037c   0x0800037c   0x0000004e   Code   RO         5479    .text               c_w.l(_printf_pad.o)
    0x080003ca   0x080003ca   0x00000052   Code   RO         5481    .text               c_w.l(_printf_str.o)
    0x0800041c   0x0800041c   0x00000078   Code   RO         5483    .text               c_w.l(_printf_dec.o)
    0x08000494   0x08000494   0x0000007c   Code   RO         5497    .text               c_w.l(_printf_hex_int_ptr.o)
    0x08000510   0x08000510   0x00000138   Code   RO         5518    .text               c_w.l(__printf_flags_wp.o)
    0x08000648   0x08000648   0x00000024   Code   RO         5532    .text               c_w.l(strstr.o)
    0x0800066c   0x0800066c   0x00000058   Code   RO         5534    .text               c_w.l(memcmp.o)
    0x080006c4   0x080006c4   0x0000003e   Code   RO         5536    .text               c_w.l(strlen.o)
    0x08000702   0x08000702   0x00000012   Code   RO         5538    .text               c_w.l(wcslen.o)
    0x08000714   0x08000714   0x0000008a   Code   RO         5540    .text               c_w.l(rt_memcpy_v6.o)
    0x0800079e   0x0800079e   0x00000064   Code   RO         5542    .text               c_w.l(rt_memcpy_w.o)
    0x08000802   0x08000802   0x00000010   Code   RO         5544    .text               c_w.l(aeabi_memset.o)
    0x08000812   0x08000812   0x00000044   Code   RO         5546    .text               c_w.l(rt_memclr.o)
    0x08000856   0x08000856   0x0000004e   Code   RO         5548    .text               c_w.l(rt_memclr_w.o)
    0x080008a4   0x080008a4   0x00000056   Code   RO         5550    .text               c_w.l(strncpy.o)
    0x080008fa   0x080008fa   0x00000002   PAD
    0x080008fc   0x080008fc   0x00000080   Code   RO         5552    .text               c_w.l(strcmpv7m.o)
    0x0800097c   0x0800097c   0x00000006   Code   RO         5554    .text               c_w.l(heapauxi.o)
    0x08000982   0x08000982   0x00000002   Code   RO         5656    .text               c_w.l(use_no_semi.o)
    0x08000984   0x08000984   0x00000008   Code   RO         5666    .text               c_w.l(rt_heap_descriptor_intlibspace.o)
    0x0800098c   0x0800098c   0x00000016   Code   RO         5690    .text               c_w.l(_rserrno.o)
    0x080009a2   0x080009a2   0x000000b2   Code   RO         5692    .text               c_w.l(_printf_intcommon.o)
    0x08000a54   0x08000a54   0x0000041e   Code   RO         5694    .text               c_w.l(_printf_fp_dec.o)
    0x08000e72   0x08000e72   0x00000002   PAD
    0x08000e74   0x08000e74   0x00000030   Code   RO         5696    .text               c_w.l(_printf_char_common.o)
    0x08000ea4   0x08000ea4   0x0000000a   Code   RO         5698    .text               c_w.l(_sputc.o)
    0x08000eae   0x08000eae   0x00000010   Code   RO         5700    .text               c_w.l(_snputc.o)
    0x08000ebe   0x08000ebe   0x0000002c   Code   RO         5702    .text               c_w.l(_printf_char.o)
    0x08000eea   0x08000eea   0x00000002   PAD
    0x08000eec   0x08000eec   0x00000024   Code   RO         5704    .text               c_w.l(_printf_char_file.o)
    0x08000f10   0x08000f10   0x00000030   Code   RO         5706    .text               c_w.l(_printf_wchar_common.o)
    0x08000f40   0x08000f40   0x00000010   Code   RO         5708    .text               c_w.l(_snputwc.o)
    0x08000f50   0x08000f50   0x00000008   Code   RO         5763    .text               c_w.l(libspace.o)
    0x08000f58   0x08000f58   0x00000008   Code   RO         5784    .text               c_w.l(rt_locale_intlibspace.o)
    0x08000f60   0x08000f60   0x00000008   Code   RO         5789    .text               c_w.l(rt_errno_addr_intlibspace.o)
    0x08000f68   0x08000f68   0x0000008a   Code   RO         5801    .text               c_w.l(lludiv10.o)
    0x08000ff2   0x08000ff2   0x00000002   PAD
    0x08000ff4   0x08000ff4   0x00000080   Code   RO         5803    .text               c_w.l(_printf_fp_infnan.o)
    0x08001074   0x08001074   0x000000e4   Code   RO         5807    .text               c_w.l(bigflt0.o)
    0x08001158   0x08001158   0x00000008   Code   RO         5832    .text               c_w.l(ferror.o)
    0x08001160   0x08001160   0x0000004a   Code   RO         5902    .text               c_w.l(sys_stackheap_outer.o)
    0x080011aa   0x080011aa   0x00000012   Code   RO         5910    .text               c_w.l(exit.o)
    0x080011bc   0x080011bc   0x0000003e   Code   RO         5810    CL$$btod_d2e        c_w.l(btod.o)
    0x080011fa   0x080011fa   0x00000046   Code   RO         5812    CL$$btod_d2e_denorm_low  c_w.l(btod.o)
    0x08001240   0x08001240   0x00000060   Code   RO         5811    CL$$btod_d2e_norm_op1  c_w.l(btod.o)
    0x080012a0   0x080012a0   0x00000338   Code   RO         5820    CL$$btod_div_common  c_w.l(btod.o)
    0x080015d8   0x080015d8   0x000000dc   Code   RO         5817    CL$$btod_e2e        c_w.l(btod.o)
    0x080016b4   0x080016b4   0x0000002a   Code   RO         5814    CL$$btod_ediv       c_w.l(btod.o)
    0x080016de   0x080016de   0x0000002a   Code   RO         5813    CL$$btod_emul       c_w.l(btod.o)
    0x08001708   0x08001708   0x00000244   Code   RO         5819    CL$$btod_mult_common  c_w.l(btod.o)
    0x0800194c   0x0800194c   0x00000004   Code   RO          219    i.BusFault_Handler  stm32f10x_it.o
    0x08001950   0x08001950   0x0000001a   Code   RO         3677    i.ByteWrite6050     mpu_6050.o
    0x0800196a   0x0800196a   0x00000002   PAD
    0x0800196c   0x0800196c   0x000000d4   Code   RO         3610    i.Close             led.o
    0x08001a40   0x08001a40   0x00000064   Code   RO         3745    i.DS18B20_Check     ds18b20.o
    0x08001aa4   0x08001aa4   0x0000008c   Code   RO         3746    i.DS18B20_Get_Temp  ds18b20.o
    0x08001b30   0x08001b30   0x00000044   Code   RO         3747    i.DS18B20_Init      ds18b20.o
    0x08001b74   0x08001b74   0x0000006c   Code   RO         3748    i.DS18B20_Read_Bit  ds18b20.o
    0x08001be0   0x08001be0   0x00000022   Code   RO         3749    i.DS18B20_Read_Byte  ds18b20.o
    0x08001c02   0x08001c02   0x00000002   PAD
    0x08001c04   0x08001c04   0x00000044   Code   RO         3750    i.DS18B20_Rst       ds18b20.o
    0x08001c48   0x08001c48   0x00000018   Code   RO         3751    i.DS18B20_Start     ds18b20.o
    0x08001c60   0x08001c60   0x00000074   Code   RO         3752    i.DS18B20_Write_Byte  ds18b20.o
    0x08001cd4   0x08001cd4   0x00000002   Code   RO          220    i.DebugMon_Handler  stm32f10x_it.o
    0x08001cd6   0x08001cd6   0x00000002   PAD
    0x08001cd8   0x08001cd8   0x00000018   Code   RO         4153    i.DeleteMenu        menu.o
    0x08001cf0   0x08001cf0   0x0000000a   Code   RO         4976    i.EXTI9_5_IRQHandler  our_lib.lib(max30102.o)
    0x08001cfa   0x08001cfa   0x00000002   PAD
    0x08001cfc   0x08001cfc   0x0000000c   Code   RO         1229    i.EXTI_ClearITPendingBit  stm32f10x_exti.o
    0x08001d08   0x08001d08   0x00000094   Code   RO         1234    i.EXTI_Init         stm32f10x_exti.o
    0x08001d9c   0x08001d9c   0x0000004c   Code   RO         1287    i.FLASH_ErasePage   stm32f10x_flash.o
    0x08001de8   0x08001de8   0x00000034   Code   RO         1288    i.FLASH_GetBank1Status  stm32f10x_flash.o
    0x08001e1c   0x08001e1c   0x00000014   Code   RO         1297    i.FLASH_Lock        stm32f10x_flash.o
    0x08001e30   0x08001e30   0x00000040   Code   RO         1300    i.FLASH_ProgramHalfWord  stm32f10x_flash.o
    0x08001e70   0x08001e70   0x00000018   Code   RO         1305    i.FLASH_Unlock      stm32f10x_flash.o
    0x08001e88   0x08001e88   0x00000026   Code   RO         1309    i.FLASH_WaitForLastOperation  stm32f10x_flash.o
    0x08001eae   0x08001eae   0x00000002   PAD
    0x08001eb0   0x08001eb0   0x00000040   Code   RO         1579    i.GPIO_EXTILineConfig  stm32f10x_gpio.o
    0x08001ef0   0x08001ef0   0x00000116   Code   RO         1582    i.GPIO_Init         stm32f10x_gpio.o
    0x08002006   0x08002006   0x00000002   PAD
    0x08002008   0x08002008   0x00000090   Code   RO         1584    i.GPIO_PinRemapConfig  stm32f10x_gpio.o
    0x08002098   0x08002098   0x00000012   Code   RO         1586    i.GPIO_ReadInputDataBit  stm32f10x_gpio.o
    0x080020aa   0x080020aa   0x00000004   Code   RO         1589    i.GPIO_ResetBits    stm32f10x_gpio.o
    0x080020ae   0x080020ae   0x00000004   Code   RO         1590    i.GPIO_SetBits      stm32f10x_gpio.o
    0x080020b2   0x080020b2   0x00000048   Code   RO         3871    i.GUI_Center_Bmp    gui.o
    0x080020fa   0x080020fa   0x0000002c   Code   RO         3872    i.GUI_Center_str    gui.o
    0x08002126   0x08002126   0x00000002   PAD
    0x08002128   0x08002128   0x0000002c   Code   RO         3873    i.GUI_ClearMap      gui.o
    0x08002154   0x08002154   0x0000017c   Code   RO         3880    i.GUI_ShowBMP       gui.o
    0x080022d0   0x080022d0   0x000001d8   Code   RO         3881    i.GUI_ShowChar      gui.o
    0x080024a8   0x080024a8   0x00000170   Code   RO         3882    i.GUI_ShowChinese   gui.o
    0x08002618   0x08002618   0x00000010   Code   RO         3885    i.GUI_ShowMap       gui.o
    0x08002628   0x08002628   0x00000070   Code   RO         3889    i.GUI_WriteMap      gui.o
    0x08002698   0x08002698   0x00000084   Code   RO         3893    i.GUI_printf        gui.o
    0x0800271c   0x0800271c   0x00000050   Code   RO         4796    i.GetArgv           our_lib.lib(gps.o)
    0x0800276c   0x0800276c   0x0000004c   Code   RO         5086    i.HAL_SOFT_I2C_Ack  our_lib.lib(mysoftiic.o)
    0x080027b8   0x080027b8   0x0000000c   Code   RO         5087    i.HAL_SOFT_I2C_Delay  our_lib.lib(mysoftiic.o)
    0x080027c4   0x080027c4   0x000000fc   Code   RO         5088    i.HAL_SOFT_I2C_Init  our_lib.lib(mysoftiic.o)
    0x080028c0   0x080028c0   0x00000118   Code   RO         5089    i.HAL_SOFT_I2C_MemRead  our_lib.lib(mysoftiic.o)
    0x080029d8   0x080029d8   0x000000e8   Code   RO         5090    i.HAL_SOFT_I2C_MemWrite  our_lib.lib(mysoftiic.o)
    0x08002ac0   0x08002ac0   0x0000004c   Code   RO         5091    i.HAL_SOFT_I2C_Nack  our_lib.lib(mysoftiic.o)
    0x08002b0c   0x08002b0c   0x00000064   Code   RO         5092    i.HAL_SOFT_I2C_ReadByte  our_lib.lib(mysoftiic.o)
    0x08002b70   0x08002b70   0x0000007c   Code   RO         5093    i.HAL_SOFT_I2C_Receive  our_lib.lib(mysoftiic.o)
    0x08002bec   0x08002bec   0x00000020   Code   RO         5094    i.HAL_SOFT_I2C_Reset  our_lib.lib(mysoftiic.o)
    0x08002c0c   0x08002c0c   0x00000028   Code   RO         5095    i.HAL_SOFT_I2C_Scl_0  our_lib.lib(mysoftiic.o)
    0x08002c34   0x08002c34   0x00000028   Code   RO         5096    i.HAL_SOFT_I2C_Scl_1  our_lib.lib(mysoftiic.o)
    0x08002c5c   0x08002c5c   0x00000028   Code   RO         5097    i.HAL_SOFT_I2C_Sda_0  our_lib.lib(mysoftiic.o)
    0x08002c84   0x08002c84   0x00000028   Code   RO         5098    i.HAL_SOFT_I2C_Sda_1  our_lib.lib(mysoftiic.o)
    0x08002cac   0x08002cac   0x00000030   Code   RO         5099    i.HAL_SOFT_I2C_Sda_Read  our_lib.lib(mysoftiic.o)
    0x08002cdc   0x08002cdc   0x00000064   Code   RO         5100    i.HAL_SOFT_I2C_SendByte  our_lib.lib(mysoftiic.o)
    0x08002d40   0x08002d40   0x0000004c   Code   RO         5101    i.HAL_SOFT_I2C_Start  our_lib.lib(mysoftiic.o)
    0x08002d8c   0x08002d8c   0x0000004c   Code   RO         5102    i.HAL_SOFT_I2C_Stop  our_lib.lib(mysoftiic.o)
    0x08002dd8   0x08002dd8   0x00000074   Code   RO         5103    i.HAL_SOFT_I2C_Transmit  our_lib.lib(mysoftiic.o)
    0x08002e4c   0x08002e4c   0x00000048   Code   RO         5104    i.HAL_SOFT_I2C_WaitAck  our_lib.lib(mysoftiic.o)
    0x08002e94   0x08002e94   0x000000b4   Code   RO         5105    i.HAL_SOFT_IIC_GPIO_Init  our_lib.lib(mysoftiic.o)
    0x08002f48   0x08002f48   0x00000004   Code   RO          221    i.HardFault_Handler  stm32f10x_it.o
    0x08002f4c   0x08002f4c   0x00000020   Code   RO         4094    i.Hmi_LoadMainHmi   mainhmi.o
    0x08002f6c   0x08002f6c   0x00000014   Code   RO         4095    i.Hmi_MainTask      mainhmi.o
    0x08002f80   0x08002f80   0x000000c4   Code   RO         3611    i.Init              led.o
    0x08003044   0x08003044   0x0000002c   Code   RO         3679    i.InitMPU6050       mpu_6050.o
    0x08003070   0x08003070   0x00000004   Code   RO          222    i.MemManage_Handler  stm32f10x_it.o
    0x08003074   0x08003074   0x00000008   Code   RO         4154    i.MenuManage_get    menu.o
    0x0800307c   0x0800307c   0x00000038   Code   RO         4155    i.Menu_Bind         menu.o
    0x080030b4   0x080030b4   0x00000088   Code   RO         4158    i.Menu_Enter        menu.o
    0x0800313c   0x0800313c   0x0000008c   Code   RO         4159    i.Menu_Exit         menu.o
    0x080031c8   0x080031c8   0x00000068   Code   RO         4160    i.Menu_Init         menu.o
    0x08003230   0x08003230   0x00000058   Code   RO         4166    i.Menu_SelectNext   menu.o
    0x08003288   0x08003288   0x00000050   Code   RO         4167    i.Menu_SelectPrevious  menu.o
    0x080032d8   0x080032d8   0x000000f0   Code   RO         4169    i.Menu_Task         menu.o
    0x080033c8   0x080033c8   0x00000002   Code   RO          223    i.NMI_Handler       stm32f10x_it.o
    0x080033ca   0x080033ca   0x00000002   PAD
    0x080033cc   0x080033cc   0x00000070   Code   RO          431    i.NVIC_Init         misc.o
    0x0800343c   0x0800343c   0x00000028   Code   RO         4171    i.NewMenu           menu.o
    0x08003464   0x08003464   0x00000040   Code   RO         5201    i.OLED_Clear        our_lib.lib(oled.o)
    0x080034a4   0x080034a4   0x000000ec   Code   RO         5205    i.OLED_Init         our_lib.lib(oled.o)
    0x08003590   0x08003590   0x0000002a   Code   RO         5207    i.OLED_Set_Pos      our_lib.lib(oled.o)
    0x080035ba   0x080035ba   0x00000038   Code   RO         5208    i.OLED_ShowPic      our_lib.lib(oled.o)
    0x080035f2   0x080035f2   0x00000018   Code   RO         5209    i.OLED_WR_Byte      our_lib.lib(oled.o)
    0x0800360a   0x0800360a   0x00000002   PAD
    0x0800360c   0x0800360c   0x000000d4   Code   RO         3612    i.Open              led.o
    0x080036e0   0x080036e0   0x00000002   Code   RO          224    i.PendSV_Handler    stm32f10x_it.o
    0x080036e2   0x080036e2   0x00000002   PAD
    0x080036e4   0x080036e4   0x00000020   Code   RO         1998    i.RCC_APB1PeriphClockCmd  stm32f10x_rcc.o
    0x08003704   0x08003704   0x00000020   Code   RO         2000    i.RCC_APB2PeriphClockCmd  stm32f10x_rcc.o
    0x08003724   0x08003724   0x000000d4   Code   RO         2008    i.RCC_GetClocksFreq  stm32f10x_rcc.o
    0x080037f8   0x080037f8   0x00000002   Code   RO          225    i.SVC_Handler       stm32f10x_it.o
    0x080037fa   0x080037fa   0x00000008   Code   RO          276    i.SetSysClock       system_stm32f10x.o
    0x08003802   0x08003802   0x00000002   PAD
    0x08003804   0x08003804   0x000000e0   Code   RO          277    i.SetSysClockTo72   system_stm32f10x.o
    0x080038e4   0x080038e4   0x00000032   Code   RO         4096    i.ShowMainMenu      mainhmi.o
    0x08003916   0x08003916   0x00000002   PAD
    0x08003918   0x08003918   0x0000003c   Code   RO         3398    i.SysTick_Handler   delay.o
    0x08003954   0x08003954   0x00000060   Code   RO          279    i.SystemInit        system_stm32f10x.o
    0x080039b4   0x080039b4   0x00000016   Code   RO         3724    i.TIM2_IRQHandler   timer.o
    0x080039ca   0x080039ca   0x00000006   Code   RO         2627    i.TIM_ClearITPendingBit  stm32f10x_tim.o
    0x080039d0   0x080039d0   0x00000022   Code   RO         2653    i.TIM_GetITStatus   stm32f10x_tim.o
    0x080039f2   0x080039f2   0x00000002   PAD
    0x080039f4   0x080039f4   0x0000002c   Code   RO         3476    i.USART1_IRQHandler  usart.o
    0x08003a20   0x08003a20   0x0000003c   Code   RO         3477    i.USART1_Send_Data  usart.o
    0x08003a5c   0x08003a5c   0x0000002c   Code   RO         3478    i.USART2_IRQHandler  usart.o
    0x08003a88   0x08003a88   0x00000028   Code   RO         3479    i.USART3_IRQHandler  usart.o
    0x08003ab0   0x08003ab0   0x00000018   Code   RO         3168    i.USART_Cmd         stm32f10x_usart.o
    0x08003ac8   0x08003ac8   0x0000001a   Code   RO         3171    i.USART_GetFlagStatus  stm32f10x_usart.o
    0x08003ae2   0x08003ae2   0x00000054   Code   RO         3172    i.USART_GetITStatus  stm32f10x_usart.o
    0x08003b36   0x08003b36   0x0000004a   Code   RO         3174    i.USART_ITConfig    stm32f10x_usart.o
    0x08003b80   0x08003b80   0x000000d8   Code   RO         3175    i.USART_Init        stm32f10x_usart.o
    0x08003c58   0x08003c58   0x0000000a   Code   RO         3182    i.USART_ReceiveData  stm32f10x_usart.o
    0x08003c62   0x08003c62   0x00000008   Code   RO         3185    i.USART_SendData    stm32f10x_usart.o
    0x08003c6a   0x08003c6a   0x00000004   Code   RO          226    i.UsageFault_Handler  stm32f10x_it.o
    0x08003c6e   0x08003c6e   0x0000002a   Code   RO         5210    i.Write_IIC_Command  our_lib.lib(oled.o)
    0x08003c98   0x08003c98   0x0000002c   Code   RO         5211    i.Write_IIC_Data    our_lib.lib(oled.o)
    0x08003cc4   0x08003cc4   0x00000028   Code   RO         5747    i.__ARM_fpclassify  m_ws.l(fpclassify.o)
    0x08003cec   0x08003cec   0x00000388   Code   RO         5752    i.__ieee754_rem_pio2  m_ws.l(rred.o)
    0x08004074   0x08004074   0x000000fc   Code   RO         5730    i.__kernel_cos      m_ws.l(cos_i.o)
    0x08004170   0x08004170   0x000000aa   Code   RO         5749    i.__kernel_poly     m_ws.l(poly.o)
    0x0800421a   0x0800421a   0x00000002   PAD
    0x0800421c   0x0800421c   0x000000ec   Code   RO         5757    i.__kernel_sin      m_ws.l(sin_i.o)
    0x08004308   0x08004308   0x00000010   Code   RO         5733    i.__mathlib_dbl_divzero  m_ws.l(dunder.o)
    0x08004318   0x08004318   0x00000006   Code   RO         5734    i.__mathlib_dbl_infnan  m_ws.l(dunder.o)
    0x0800431e   0x0800431e   0x00000004   Code   RO         5735    i.__mathlib_dbl_infnan2  m_ws.l(dunder.o)
    0x08004322   0x08004322   0x0000000c   Code   RO         5736    i.__mathlib_dbl_invalid  m_ws.l(dunder.o)
    0x0800432e   0x0800432e   0x0000000e   Code   RO         5737    i.__mathlib_dbl_overflow  m_ws.l(dunder.o)
    0x0800433c   0x0800433c   0x00000010   Code   RO         5739    i.__mathlib_dbl_underflow  m_ws.l(dunder.o)
    0x0800434c   0x0800434c   0x0000000e   Code   RO         5516    i._is_digit         c_w.l(__printf_wp.o)
    0x0800435a   0x0800435a   0x00000004   Code   RO         3480    i._sys_exit         usart.o
    0x0800435e   0x0800435e   0x0000078e   Code   RO          344    i.arm_fir_f32       fft_256.o
    0x08004aec   0x08004aec   0x00000028   Code   RO          345    i.arm_fir_init_f32  fft_256.o
    0x08004b14   0x08004b14   0x0000001c   Code   RO         4390    i.calculateDynamicBitPartLen  gizwits_protocol.o
    0x08004b30   0x08004b30   0x00000024   Code   RO         5280    i.cfg_init          our_lib.lib(stmflash.o)
    0x08004b54   0x08004b54   0x00000030   Code   RO          391    i.cfg_load_default  config.o
    0x08004b84   0x08004b84   0x00000048   Code   RO         5282    i.cfg_restore       our_lib.lib(stmflash.o)
    0x08004bcc   0x08004bcc   0x00000034   Code   RO         5283    i.cfg_validation    our_lib.lib(stmflash.o)
    0x08004c00   0x08004c00   0x000000a0   Code   RO         3799    i.check_response    sms4g.o
    0x08004ca0   0x08004ca0   0x00000020   Code   RO         3800    i.check_timeout     sms4g.o
    0x08004cc0   0x08004cc0   0x00000014   Code   RO         3642    i.common_btn_evt_cb  key.o
    0x08004cd4   0x08004cd4   0x00000030   Code   RO         3643    i.common_btn_read   key.o
    0x08004d04   0x08004d04   0x0000009c   Code   RO         5623    i.cos               m_ws.l(cos.o)
    0x08004da0   0x08004da0   0x00000040   Code   RO          323    i.crc32_getvalue    crc.o
    0x08004de0   0x08004de0   0x00000008   Code   RO         5284    i.decrypt_uid       our_lib.lib(stmflash.o)
    0x08004de8   0x08004de8   0x00000024   Code   RO         3399    i.delay_init        delay.o
    0x08004e0c   0x08004e0c   0x00000016   Code   RO         3400    i.delay_ms          delay.o
    0x08004e22   0x08004e22   0x00000048   Code   RO         3401    i.delay_us          delay.o
    0x08004e6a   0x08004e6a   0x0000001a   Code   RO         4556    i.exchangeBytes     common.o
    0x08004e84   0x08004e84   0x0000001a   Code   RO         4557    i.exchangeWord      common.o
    0x08004e9e   0x08004e9e   0x00000002   PAD
    0x08004ea0   0x08004ea0   0x00000258   Code   RO         4937    i.flex_button_process  our_lib.lib(flexible_button.o)
    0x080050f8   0x080050f8   0x00000048   Code   RO         4938    i.flex_button_read  our_lib.lib(flexible_button.o)
    0x08005140   0x08005140   0x00000080   Code   RO         4939    i.flex_button_register  our_lib.lib(flexible_button.o)
    0x080051c0   0x080051c0   0x00000016   Code   RO         4940    i.flex_button_scan  our_lib.lib(flexible_button.o)
    0x080051d6   0x080051d6   0x00000002   PAD
    0x080051d8   0x080051d8   0x00000094   Code   RO         5631    i.fmod              m_ws.l(fmod.o)
    0x0800526c   0x0800526c   0x0000001c   Code   RO         3481    i.fputc             usart.o
    0x08005288   0x08005288   0x0000000c   Code   RO         5287    i.get_code_run      our_lib.lib(stmflash.o)
    0x08005294   0x08005294   0x0000000c   Code   RO         4978    i.get_sw_status     our_lib.lib(max30102.o)
    0x080052a0   0x080052a0   0x0000002a   Code   RO         4625    i.gizAcrossByteJudge  datapointtools.o
    0x080052ca   0x080052ca   0x00000032   Code   RO         4626    i.gizByteOrderExchange  datapointtools.o
    0x080052fc   0x080052fc   0x000003d8   Code   RO         4391    i.gizCheckReport    gizwits_protocol.o
    0x080056d4   0x080056d4   0x00000190   Code   RO         4392    i.gizDataPoint2Event  gizwits_protocol.o
    0x08005864   0x08005864   0x000002ac   Code   RO         4393    i.gizDataPoints2ReportData  gizwits_protocol.o
    0x08005b10   0x08005b10   0x000000e4   Code   RO         4394    i.gizDevReportPolicy  gizwits_protocol.o
    0x08005bf4   0x08005bf4   0x0000000c   Code   RO         4331    i.gizGetTimerCount  gizwits_product.o
    0x08005c00   0x08005c00   0x00000090   Code   RO         4395    i.gizProtocolAckHandle  gizwits_protocol.o
    0x08005c90   0x08005c90   0x000000a0   Code   RO         4396    i.gizProtocolCommonAck  gizwits_protocol.o
    0x08005d30   0x08005d30   0x000000a4   Code   RO         4397    i.gizProtocolErrorCmd  gizwits_protocol.o
    0x08005dd4   0x08005dd4   0x0000017c   Code   RO         4398    i.gizProtocolGetDeviceInfo  gizwits_protocol.o
    0x08005f50   0x08005f50   0x00000200   Code   RO         4399    i.gizProtocolGetOnePacket  gizwits_protocol.o
    0x08006150   0x08006150   0x00000050   Code   RO         4400    i.gizProtocolHeadInit  gizwits_protocol.o
    0x080061a0   0x080061a0   0x00000140   Code   RO         4401    i.gizProtocolIssuedDataAck  gizwits_protocol.o
    0x080062e0   0x080062e0   0x0000017c   Code   RO         4402    i.gizProtocolIssuedProcess  gizwits_protocol.o
    0x0800645c   0x0800645c   0x0000005c   Code   RO         4403    i.gizProtocolModuleInfoHandle  gizwits_protocol.o
    0x080064b8   0x080064b8   0x00000524   Code   RO         4404    i.gizProtocolModuleStatus  gizwits_protocol.o
    0x080069dc   0x080069dc   0x0000008c   Code   RO         4405    i.gizProtocolNTP    gizwits_protocol.o
    0x08006a68   0x08006a68   0x0000001c   Code   RO         4406    i.gizProtocolReboot  gizwits_protocol.o
    0x08006a84   0x08006a84   0x00000080   Code   RO         4407    i.gizProtocolResendData  gizwits_protocol.o
    0x08006b04   0x08006b04   0x00000026   Code   RO         4559    i.gizProtocolSum    common.o
    0x08006b2a   0x08006b2a   0x00000002   PAD
    0x08006b2c   0x08006b2c   0x00000064   Code   RO         4408    i.gizProtocolWaitAck  gizwits_protocol.o
    0x08006b90   0x08006b90   0x0000004c   Code   RO         4409    i.gizProtocolWaitAckCheck  gizwits_protocol.o
    0x08006bdc   0x08006bdc   0x00000074   Code   RO         4410    i.gizPutData        gizwits_protocol.o
    0x08006c50   0x08006c50   0x000000f8   Code   RO         4411    i.gizReportData     gizwits_protocol.o
    0x08006d48   0x08006d48   0x00000010   Code   RO         4332    i.gizTimerMs        gizwits_product.o
    0x08006d58   0x08006d58   0x0000007c   Code   RO         4629    i.gizVarlenCompressValue  datapointtools.o
    0x08006dd4   0x08006dd4   0x0000000c   Code   RO         4631    i.gizX2Y            datapointtools.o
    0x08006de0   0x08006de0   0x0000000e   Code   RO         4633    i.gizY2X            datapointtools.o
    0x08006dee   0x08006dee   0x0000002a   Code   RO         4634    i.gizY2XFloat       datapointtools.o
    0x08006e18   0x08006e18   0x0000021c   Code   RO         4333    i.gizwitsEventProcess  gizwits_product.o
    0x08007034   0x08007034   0x00000328   Code   RO         4414    i.gizwitsHandle     gizwits_protocol.o
    0x0800735c   0x0800735c   0x00000064   Code   RO         4415    i.gizwitsInit       gizwits_protocol.o
    0x080073c0   0x080073c0   0x00000288   Code   RO         4417    i.gizwitsSetMode    gizwits_protocol.o
    0x08007648   0x08007648   0x0000007c   Code   RO         4797    i.gnrmc_deal        our_lib.lib(gps.o)
    0x080076c4   0x080076c4   0x000001a0   Code   RO         3482    i.gps_to_gcj        usart.o
    0x08007864   0x08007864   0x00000030   Code   RO         3802    i.handle_retry      sms4g.o
    0x08007894   0x08007894   0x0000013c   Code   RO         4979    i.heart_data_get    our_lib.lib(max30102.o)
    0x080079d0   0x080079d0   0x000000e0   Code   RO         4097    i.hmi_data_menu_load  mainhmi.o
    0x08007ab0   0x08007ab0   0x00000018   Code   RO         4310    i.hmi_main_set_menu_load  main_set_menu_hmi.o
    0x08007ac8   0x08007ac8   0x0000003c   Code   RO         4098    i.hmi_prompt_menu_load  mainhmi.o
    0x08007b04   0x08007b04   0x00000034   Code   RO         4099    i.hmi_set_menu_load  mainhmi.o
    0x08007b38   0x08007b38   0x000000a4   Code   RO         4100    i.hmi_status_menu_load  mainhmi.o
    0x08007bdc   0x08007bdc   0x000000ec   Code   RO         3644    i.init              key.o
    0x08007cc8   0x08007cc8   0x00000020   Code   RO          346    i.ir_max30102_fir   fft_256.o
    0x08007ce8   0x08007ce8   0x00000054   Code   RO         5288    i.is_uid_legal      our_lib.lib(stmflash.o)
    0x08007d3c   0x08007d3c   0x00000018   Code   RO         3645    i.key_scan          key.o
    0x08007d54   0x08007d54   0x00000028   Code   RO         3613    i.led_toggle        led.o
    0x08007d7c   0x08007d7c   0x000004b8   Code   RO            3    i.main              main.o
    0x08008234   0x08008234   0x0000005a   Code   RO         4276    i.main_menu_KeyFunCB  menu_key.o
    0x0800828e   0x0800828e   0x00000002   PAD
    0x08008290   0x08008290   0x000001b0   Code   RO         4277    i.main_set_menu_KeyFunCB  menu_key.o
    0x08008440   0x08008440   0x00000024   Code   RO         4980    i.max30102_clear_status  our_lib.lib(max30102.o)
    0x08008464   0x08008464   0x000000f0   Code   RO         4981    i.max30102_fifo_data_get  our_lib.lib(max30102.o)
    0x08008554   0x08008554   0x00000098   Code   RO         4982    i.max30102_fifo_data_valie  our_lib.lib(max30102.o)
    0x080085ec   0x080085ec   0x00000040   Code   RO          347    i.max30102_fir_init  fft_256.o
    0x0800862c   0x0800862c   0x000000ac   Code   RO         4984    i.max30102_getHeartRate  our_lib.lib(max30102.o)
    0x080086d8   0x080086d8   0x00000128   Code   RO         4985    i.max30102_getSpO2  our_lib.lib(max30102.o)
    0x08008800   0x08008800   0x0000001c   Code   RO         4986    i.max30102_i2c_read  our_lib.lib(max30102.o)
    0x0800881c   0x0800881c   0x0000001e   Code   RO         4987    i.max30102_i2c_write  our_lib.lib(max30102.o)
    0x0800883a   0x0800883a   0x00000002   PAD
    0x0800883c   0x0800883c   0x00000104   Code   RO         4988    i.max30102_init     our_lib.lib(max30102.o)
    0x08008940   0x08008940   0x0000000a   Code   RO         4334    i.mcuRestart        gizwits_product.o
    0x0800894a   0x0800894a   0x00000002   PAD
    0x0800894c   0x0800894c   0x00000070   Code   RO         4278    i.menu_key_scan_cb  menu_key.o
    0x080089bc   0x080089bc   0x0000000c   Code   RO         3402    i.millis_elapsed    delay.o
    0x080089c8   0x080089c8   0x000000bc   Code   RO         3682    i.mpu6050_get_accelangle  mpu_6050.o
    0x08008a84   0x08008a84   0x0000007c   Code   RO         3483    i.my_gps_handle_rx  usart.o
    0x08008b00   0x08008b00   0x0000002c   Code   RO         3484    i.my_uart_recv_buf_init  usart.o
    0x08008b2c   0x08008b2c   0x00000138   Code   RO         3485    i.parse_ddmmmm      usart.o
    0x08008c64   0x08008c64   0x00000050   Code   RO         3486    i.parse_gps_cmd     usart.o
    0x08008cb4   0x08008cb4   0x000009d8   Code   RO         5639    i.pow               m_ws.l(pow.o)
    0x0800968c   0x0800968c   0x00000148   Code   RO         3487    i.precise_sin       usart.o
    0x080097d4   0x080097d4   0x000002c8   Code   RO         3488    i.precise_transform  usart.o
    0x08009a9c   0x08009a9c   0x00000012   Code   RO         4279    i.prompt__menu_set  menu_key.o
    0x08009aae   0x08009aae   0x00000062   Code   RO         3490    i.queue_read        usart.o
    0x08009b10   0x08009b10   0x00000070   Code   RO         3491    i.queue_write       usart.o
    0x08009b80   0x08009b80   0x0000003a   Code   RO         4736    i.rbCanRead         ringbuffer.o
    0x08009bba   0x08009bba   0x0000001e   Code   RO         4737    i.rbCanWrite        ringbuffer.o
    0x08009bd8   0x08009bd8   0x0000000e   Code   RO         4738    i.rbCapacity        ringbuffer.o
    0x08009be6   0x08009be6   0x00000014   Code   RO         4739    i.rbCreate          ringbuffer.o
    0x08009bfa   0x08009bfa   0x000000be   Code   RO         4741    i.rbRead            ringbuffer.o
    0x08009cb8   0x08009cb8   0x0000001e   Code   RO         4742    i.rbReadIndicator   ringbuffer.o
    0x08009cd6   0x08009cd6   0x000000ba   Code   RO         4743    i.rbWrite           ringbuffer.o
    0x08009d90   0x08009d90   0x0000001e   Code   RO         4744    i.rbWriteIndicator  ringbuffer.o
    0x08009dae   0x08009dae   0x00000002   PAD
    0x08009db0   0x08009db0   0x0000001c   Code   RO         5289    i.readUID           our_lib.lib(stmflash.o)
    0x08009dcc   0x08009dcc   0x00000020   Code   RO          348    i.red_max30102_fir  fft_256.o
    0x08009dec   0x08009dec   0x00000030   Code   RO         3803    i.send_next_command  sms4g.o
    0x08009e1c   0x08009e1c   0x0000007c   Code   RO         3804    i.send_sms_alarm    sms4g.o
    0x08009e98   0x08009e98   0x000001dc   Code   RO         4311    i.showmain_status_menu  main_set_menu_hmi.o
    0x0800a074   0x0800a074   0x00000220   Code   RO         3805    i.sms_fsm_handler   sms4g.o
    0x0800a294   0x0800a294   0x00000044   Code   RO         3806    i.sms_send_trigger  sms4g.o
    0x0800a2d8   0x0800a2d8   0x0000004c   Code   RO         5649    i.sqrt              m_ws.l(sqrt.o)
    0x0800a324   0x0800a324   0x0000000e   Code   RO         4280    i.status__menu_set  menu_key.o
    0x0800a332   0x0800a332   0x00000002   PAD
    0x0800a334   0x0800a334   0x00000070   Code   RO         5292    i.stm32_flash_read  our_lib.lib(stmflash.o)
    0x0800a3a4   0x0800a3a4   0x0000005c   Code   RO         5293    i.stm32_flash_write  our_lib.lib(stmflash.o)
    0x0800a400   0x0800a400   0x0000000c   Code   RO         3403    i.systicks_get      delay.o
    0x0800a40c   0x0800a40c   0x000000a4   Code   RO         3492    i.uart2_init        usart.o
    0x0800a4b0   0x0800a4b0   0x000000a8   Code   RO         3493    i.uart3_init        usart.o
    0x0800a558   0x0800a558   0x00000064   Code   RO         4335    i.uartWrite         gizwits_product.o
    0x0800a5bc   0x0800a5bc   0x000000a0   Code   RO         3494    i.uart_init         usart.o
    0x0800a65c   0x0800a65c   0x0000002c   Code   RO         3807    i.unicode_to_ucs2be  sms4g.o
    0x0800a688   0x0800a688   0x000000c0   Code   RO         4336    i.userHandle        gizwits_product.o
    0x0800a748   0x0800a748   0x0000002c   Code   RO         5840    locale$$code        c_w.l(lc_numeric_c.o)
    0x0800a774   0x0800a774   0x00000062   Code   RO         5558    x$fpl$d2f           fz_ws.l(d2f.o)
    0x0800a7d6   0x0800a7d6   0x00000002   PAD
    0x0800a7d8   0x0800a7d8   0x00000150   Code   RO         5560    x$fpl$dadd          fz_ws.l(daddsub_clz.o)
    0x0800a928   0x0800a928   0x00000010   Code   RO         5896    x$fpl$dcheck1       fz_ws.l(dcheck1.o)
    0x0800a938   0x0800a938   0x00000018   Code   RO         5711    x$fpl$dcmpinf       fz_ws.l(dcmpi.o)
    0x0800a950   0x0800a950   0x000002b0   Code   RO         5567    x$fpl$ddiv          fz_ws.l(ddiv.o)
    0x0800ac00   0x0800ac00   0x0000005e   Code   RO         5570    x$fpl$dfix          fz_ws.l(dfix.o)
    0x0800ac5e   0x0800ac5e   0x0000002e   Code   RO         5575    x$fpl$dflt          fz_ws.l(dflt_clz.o)
    0x0800ac8c   0x0800ac8c   0x00000026   Code   RO         5574    x$fpl$dfltu         fz_ws.l(dflt_clz.o)
    0x0800acb2   0x0800acb2   0x00000002   PAD
    0x0800acb4   0x0800acb4   0x00000078   Code   RO         5580    x$fpl$dleqf         fz_ws.l(dleqf.o)
    0x0800ad2c   0x0800ad2c   0x00000154   Code   RO         5582    x$fpl$dmul          fz_ws.l(dmul.o)
    0x0800ae80   0x0800ae80   0x0000009c   Code   RO         5713    x$fpl$dnaninf       fz_ws.l(dnaninf.o)
    0x0800af1c   0x0800af1c   0x00000150   Code   RO         5715    x$fpl$drem          fz_ws.l(drem_clz.o)
    0x0800b06c   0x0800b06c   0x0000000c   Code   RO         5717    x$fpl$dretinf       fz_ws.l(dretinf.o)
    0x0800b078   0x0800b078   0x0000006c   Code   RO         5584    x$fpl$drleqf        fz_ws.l(drleqf.o)
    0x0800b0e4   0x0800b0e4   0x00000016   Code   RO         5561    x$fpl$drsb          fz_ws.l(daddsub_clz.o)
    0x0800b0fa   0x0800b0fa   0x00000002   PAD
    0x0800b0fc   0x0800b0fc   0x000001cc   Code   RO         5719    x$fpl$dsqrt         fz_ws.l(dsqrt_noumaal.o)
    0x0800b2c8   0x0800b2c8   0x000001d4   Code   RO         5562    x$fpl$dsub          fz_ws.l(daddsub_clz.o)
    0x0800b49c   0x0800b49c   0x00000056   Code   RO         5586    x$fpl$f2d           fz_ws.l(f2d.o)
    0x0800b4f2   0x0800b4f2   0x00000002   PAD
    0x0800b4f4   0x0800b4f4   0x000000c4   Code   RO         5588    x$fpl$fadd          fz_ws.l(faddsub_clz.o)
    0x0800b5b8   0x0800b5b8   0x00000018   Code   RO         5721    x$fpl$fcmpinf       fz_ws.l(fcmpi.o)
    0x0800b5d0   0x0800b5d0   0x00000184   Code   RO         5595    x$fpl$fdiv          fz_ws.l(fdiv.o)
    0x0800b754   0x0800b754   0x00000068   Code   RO         5598    x$fpl$feqf          fz_ws.l(feqf.o)
    0x0800b7bc   0x0800b7bc   0x00000036   Code   RO         5600    x$fpl$ffix          fz_ws.l(ffix.o)
    0x0800b7f2   0x0800b7f2   0x00000002   PAD
    0x0800b7f4   0x0800b7f4   0x0000003e   Code   RO         5604    x$fpl$ffixu         fz_ws.l(ffixu.o)
    0x0800b832   0x0800b832   0x00000002   PAD
    0x0800b834   0x0800b834   0x00000030   Code   RO         5609    x$fpl$fflt          fz_ws.l(fflt_clz.o)
    0x0800b864   0x0800b864   0x00000026   Code   RO         5608    x$fpl$ffltu         fz_ws.l(fflt_clz.o)
    0x0800b88a   0x0800b88a   0x00000002   PAD
    0x0800b88c   0x0800b88c   0x00000068   Code   RO         5614    x$fpl$fleqf         fz_ws.l(fleqf.o)
    0x0800b8f4   0x0800b8f4   0x00000102   Code   RO         5616    x$fpl$fmul          fz_ws.l(fmul.o)
    0x0800b9f6   0x0800b9f6   0x0000008c   Code   RO         5723    x$fpl$fnaninf       fz_ws.l(fnaninf.o)
    0x0800ba82   0x0800ba82   0x0000000a   Code   RO         5725    x$fpl$fretinf       fz_ws.l(fretinf.o)
    0x0800ba8c   0x0800ba8c   0x00000062   Code   RO         5618    x$fpl$frleqf        fz_ws.l(frleqf.o)
    0x0800baee   0x0800baee   0x00000002   PAD
    0x0800baf0   0x0800baf0   0x000000ea   Code   RO         5590    x$fpl$fsub          fz_ws.l(faddsub_clz.o)
    0x0800bbda   0x0800bbda   0x00000004   Code   RO         5620    x$fpl$printf1       fz_ws.l(printf1.o)
    0x0800bbde   0x0800bbde   0x00000064   Code   RO         5926    x$fpl$retnan        fz_ws.l(retnan.o)
    0x0800bc42   0x0800bc42   0x0000005c   Code   RO         5727    x$fpl$scalbn        fz_ws.l(scalbn.o)
    0x0800bc9e   0x0800bc9e   0x00000030   Code   RO         5959    x$fpl$trapveneer    fz_ws.l(trapv.o)
    0x0800bcce   0x0800bcce   0x00000000   Code   RO         5729    x$fpl$usenofp       fz_ws.l(usenofp.o)
    0x0800bcce   0x0800bcce   0x00000002   PAD
    0x0800bcd0   0x0800bcd0   0x00000074   Data   RO          350    .constdata          fft_256.o
    0x0800bd44   0x0800bd44   0x00000004   PAD
    0x0800bd48   0x0800bd48   0x000002d8   Data   RO         3496    .constdata          usart.o
    0x0800c020   0x0800c020   0x000015da   Data   RO         3898    .constdata          gui.o
    0x0800d5fa   0x0800d5fa   0x00000028   Data   RO         5498    .constdata          c_w.l(_printf_hex_int_ptr.o)
    0x0800d622   0x0800d622   0x00000011   Data   RO         5519    .constdata          c_w.l(__printf_flags_wp.o)
    0x0800d633   0x0800d633   0x00000005   PAD
    0x0800d638   0x0800d638   0x00000088   Data   RO         5640    .constdata          m_ws.l(pow.o)
    0x0800d6c0   0x0800d6c0   0x00000030   Data   RO         5731    .constdata          m_ws.l(cos_i.o)
    0x0800d6f0   0x0800d6f0   0x00000008   Data   RO         5751    .constdata          m_ws.l(qnan.o)
    0x0800d6f8   0x0800d6f8   0x000000c8   Data   RO         5754    .constdata          m_ws.l(rred.o)
    0x0800d7c0   0x0800d7c0   0x00000028   Data   RO         5758    .constdata          m_ws.l(sin_i.o)
    0x0800d7e8   0x0800d7e8   0x00000094   Data   RO         5808    .constdata          c_w.l(bigflt0.o)
    0x0800d87c   0x0800d87c   0x0000012b   Data   RO         3647    .conststring        key.o
    0x0800d9a7   0x0800d9a7   0x00000001   PAD
    0x0800d9a8   0x0800d9a8   0x0000005d   Data   RO         4102    .conststring        mainhmi.o
    0x0800da05   0x0800da05   0x00000003   PAD
    0x0800da08   0x0800da08   0x0000008c   Data   RO         4312    .conststring        main_set_menu_hmi.o
    0x0800da94   0x0800da94   0x0000005c   Data   RO         3810    .constwstring       sms4g.o
    0x0800daf0   0x0800daf0   0x00000020   Data   RO         5991    Region$$Table       anon$$obj.o
    0x0800db10   0x0800db10   0x0000001c   Data   RO         5839    locale$$data        c_w.l(lc_numeric_c.o)


    Execution Region ER_RW (Exec base: 0x20000000, Load base: 0x0800db2c, Size: 0x000002ac, Max: 0xffffffff, ABSOLUTE, COMPRESSED[0x000000f4])

    Exec Addr    Load Addr    Size         Type   Attr      Idx    E Section Name        Object

    0x20000000   COMPRESSED   0x0000003e   Data   RW            6    .data               main.o
    0x2000003e   COMPRESSED   0x00000002   PAD
    0x20000040   COMPRESSED   0x00000008   Data   RW          351    .data               fft_256.o
    0x20000048   COMPRESSED   0x00000014   Data   RW         2028    .data               stm32f10x_rcc.o
    0x2000005c   COMPRESSED   0x00000005   Data   RW         3404    .data               delay.o
    0x20000061   COMPRESSED   0x00000003   PAD
    0x20000064   COMPRESSED   0x00000044   Data   RW         3497    .data               usart.o
    0x200000a8   COMPRESSED   0x00000044   Data   RW         3614    .data               led.o
    0x200000ec   COMPRESSED   0x00000078   Data   RW         3648    .data               key.o
    0x20000164   COMPRESSED   0x00000004   Data   RW         3811    .data               sms4g.o
    0x20000168   COMPRESSED   0x00000064   Data   RW         4103    .data               mainhmi.o
    0x200001cc   COMPRESSED   0x00000009   Data   RW         4173    .data               menu.o
    0x200001d5   COMPRESSED   0x00000003   PAD
    0x200001d8   COMPRESSED   0x000000a8   Data   RW         4313    .data               main_set_menu_hmi.o
    0x20000280   COMPRESSED   0x00000005   Data   RW         4339    .data               gizwits_product.o
    0x20000285   COMPRESSED   0x00000003   PAD
    0x20000288   COMPRESSED   0x00000010   Data   RW         4419    .data               gizwits_protocol.o
    0x20000298   COMPRESSED   0x0000000d   Data   RW         4941    .data               our_lib.lib(flexible_button.o)
    0x200002a5   COMPRESSED   0x00000001   PAD
    0x200002a6   COMPRESSED   0x00000004   Data   RW         4990    .data               our_lib.lib(max30102.o)
    0x200002aa   COMPRESSED   0x00000001   Data   RW         5295    .data               our_lib.lib(stmflash.o)


    Execution Region ER_ZI (Exec base: 0x200002ac, Load base: 0x0800dc20, Size: 0x000031cc, Max: 0xffffffff, ABSOLUTE)

    Exec Addr    Load Addr    Size         Type   Attr      Idx    E Section Name        Object

    0x200002ac        -       0x0000031c   Zero   RW            4    .bss                main.o
    0x200005c8        -       0x00000048   Zero   RW          310    .bss                app.o
    0x20000610        -       0x00000100   Zero   RW          349    .bss                fft_256.o
    0x20000710        -       0x00000a00   Zero   RW         3495    .bss                usart.o
    0x20001110        -       0x0000008c   Zero   RW         3646    .bss                key.o
    0x2000119c        -       0x00000420   Zero   RW         3808    .bss                sms4g.o
    0x200015bc        -       0x0000041c   Zero   RW         3897    .bss                gui.o
    0x200019d8        -       0x00000080   Zero   RW         4101    .bss                mainhmi.o
    0x20001a58        -       0x00000140   Zero   RW         4172    .bss                menu.o
    0x20001b98        -       0x00000034   Zero   RW         4338    .bss                gizwits_product.o
    0x20001bcc        -       0x00000740   Zero   RW         4418    .bss                gizwits_protocol.o
    0x2000230c        -       0x00000030   Zero   RW         4800    .bss                our_lib.lib(gps.o)
    0x2000233c        -       0x00000570   Zero   RW         4989    .bss                our_lib.lib(max30102.o)
    0x200028ac        -       0x00000140   Zero   RW         5106    .bss                our_lib.lib(mysoftiic.o)
    0x200029ec        -       0x00000028   Zero   RW         5294    .bss                our_lib.lib(stmflash.o)
    0x20002a14        -       0x00000060   Zero   RW         5764    .bss                c_w.l(libspace.o)
    0x20002a74   0x0800dc20   0x00000004   PAD
    0x20002a78        -       0x00000200   Zero   RW          414    HEAP                startup_stm32f10x_hd.o
    0x20002c78        -       0x00000800   Zero   RW          413    STACK               startup_stm32f10x_hd.o


==============================================================================

Image component sizes


      Code (inc. data)   RO Data    RW Data    ZI Data      Debug   Object Name

         0          0          0          0         72       1161   app.o
        90          0          0          0          0       2524   common.o
        48         18          0          0          0        515   config.o
        64          4          0          0          0       1137   crc.o
       284          0          0          0          0       5309   datapointtools.o
       214         28          0          5          0       3785   delay.o
       658         60          0          0          0       5220   ds18b20.o
      2102         44        116          8        256       6257   fft_256.o
       870        270          0          5         52      20684   gizwits_product.o
      8264       2538          0         16       1856      23655   gizwits_protocol.o
      1640         42       5594          0       1052      10619   gui.o
       328         34        299        120        140       4015   key.o
       660         38          0         68          0       3791   led.o
      1208        164          0         62        796     278320   main.o
       500        108        140        168          0       2696   main_set_menu_hmi.o
       602        164         93        100        128       6375   mainhmi.o
       916         56          0          9        320       7362   menu.o
       666         48          0          0          0       3185   menu_key.o
       112         12          0          0          0       1108   misc.o
       258         22          0          0          0       1963   mpu_6050.o
       558          0          0          0          0       6117   ringbuffer.o
      1068        174         92          4       1056       7387   sms4g.o
        64         26        304          0       2560        904   startup_stm32f10x_hd.o
       160         12          0          0          0       1633   stm32f10x_exti.o
       274         30          0          0          0       3678   stm32f10x_flash.o
       512         10          0          0          0       5408   stm32f10x_gpio.o
        24          0          0          0          0       4100   stm32f10x_it.o
       276         32          0         20          0       4650   stm32f10x_rcc.o
        40          0          0          0          0       1882   stm32f10x_tim.o
       442          6          0          0          0       6505   stm32f10x_usart.o
       328         28          0          0          0       2229   system_stm32f10x.o
        22          0          0          0          0        538   timer.o
      2938        236        728         68       2560      16848   usart.o

    ----------------------------------------------------------------------
     26224       4204       7406        664      10848     451560   Object Totals
         0          0         32          0          0          0   (incl. Generated)
        34          0          8         11          0          0   (incl. Padding)

    ----------------------------------------------------------------------

      Code (inc. data)   RO Data    RW Data    ZI Data      Debug   Library Member Name

        90          0          0          0          0          0   __dczerorl2.o
         8          0          0          0          0         68   __main.o
       312          4         17          0          0         92   __printf_flags_wp.o
        14          0          0          0          0         68   __printf_wp.o
         0          0          0          0          0          0   __rtentry.o
        12          0          0          0          0          0   __rtentry2.o
         6          0          0          0          0          0   __rtentry4.o
        52          8          0          0          0          0   __scatter.o
        28          0          0          0          0          0   __scatter_zi.o
        44          0          0          0          0        108   _printf_char.o
        48          6          0          0          0         96   _printf_char_common.o
        36          4          0          0          0         80   _printf_char_file.o
         6          0          0          0          0          0   _printf_d.o
       120         16          0          0          0         92   _printf_dec.o
         6          0          0          0          0          0   _printf_f.o
      1054          0          0          0          0        216   _printf_fp_dec.o
       128         16          0          0          0         84   _printf_fp_infnan.o
       124          4         40          0          0        144   _printf_hex_int_ptr.o
       178          0          0          0          0         88   _printf_intcommon.o
         6          0          0          0          0          0   _printf_p.o
        78          0          0          0          0        108   _printf_pad.o
         0          0          0          0          0          0   _printf_percent.o
         4          0          0          0          0          0   _printf_percent_end.o
         6          0          0          0          0          0   _printf_s.o
        82          0          0          0          0         80   _printf_str.o
        48          6          0          0          0         96   _printf_wchar_common.o
         6          0          0          0          0          0   _printf_x.o
        22          0          0          0          0        100   _rserrno.o
        16          0          0          0          0         68   _snputc.o
        16          0          0          0          0         68   _snputwc.o
        10          0          0          0          0         68   _sputc.o
        16          0          0          0          0         68   aeabi_memset.o
       228          4        148          0          0         96   bigflt0.o
      1936        128          0          0          0        672   btod.o
        18          0          0          0          0         80   exit.o
         8          0          0          0          0         68   ferror.o
        78          0          0          0          0         80   h1_free.o
         6          0          0          0          0        152   heapauxi.o
        44         10         28          0          0         76   lc_numeric_c.o
         2          0          0          0          0          0   libinit.o
        18          0          0          0          0          0   libinit2.o
         2          0          0          0          0          0   libshutdown.o
         2          0          0          0          0          0   libshutdown2.o
         8          4          0          0         96         68   libspace.o
       138          0          0          0          0         80   lludiv10.o
        88          0          0          0          0         76   memcmp.o
        24          4          0          0          0         84   noretval__2printf.o
        52          4          0          0          0         84   noretval__2snprintf.o
        40          6          0          0          0         84   noretval__2sprintf.o
        60          4          0          0          0         84   noretval__2swprintf.o
         8          4          0          0          0         68   rt_errno_addr_intlibspace.o
         8          4          0          0          0         68   rt_heap_descriptor_intlibspace.o
         8          4          0          0          0         68   rt_locale_intlibspace.o
        68          0          0          0          0         68   rt_memclr.o
        78          0          0          0          0         80   rt_memclr_w.o
       138          0          0          0          0         68   rt_memcpy_v6.o
       100          0          0          0          0         80   rt_memcpy_w.o
         2          0          0          0          0          0   rtexit.o
        10          0          0          0          0          0   rtexit2.o
       128          0          0          0          0         68   strcmpv7m.o
        62          0          0          0          0         76   strlen.o
        86          0          0          0          0         76   strncpy.o
        36          0          0          0          0         80   strstr.o
        74          0          0          0          0         80   sys_stackheap_outer.o
         2          0          0          0          0         68   use_no_semi.o
         2          0          0          0          0         68   use_no_semi_2.o
        18          0          0          0          0         68   wcslen.o
        98          4          0          0          0         92   d2f.o
       826         16          0          0          0        348   daddsub_clz.o
        16          4          0          0          0         68   dcheck1.o
        24          0          0          0          0         68   dcmpi.o
       688        140          0          0          0        208   ddiv.o
        94          4          0          0          0         92   dfix.o
        84          0          0          0          0        136   dflt_clz.o
       120          4          0          0          0         92   dleqf.o
       340         12          0          0          0        104   dmul.o
       156          4          0          0          0         92   dnaninf.o
       336         12          0          0          0         88   drem_clz.o
        12          0          0          0          0         68   dretinf.o
       108          0          0          0          0         80   drleqf.o
       460         56          0          0          0        120   dsqrt_noumaal.o
        86          4          0          0          0         84   f2d.o
       430          8          0          0          0        168   faddsub_clz.o
        24          0          0          0          0         68   fcmpi.o
       388         76          0          0          0         96   fdiv.o
       104          4          0          0          0         84   feqf.o
        54          4          0          0          0         84   ffix.o
        62          4          0          0          0         84   ffixu.o
        86          0          0          0          0        136   fflt_clz.o
       104          4          0          0          0         84   fleqf.o
       258          4          0          0          0         84   fmul.o
       140          4          0          0          0         84   fnaninf.o
        10          0          0          0          0         68   fretinf.o
        98          0          0          0          0         68   frleqf.o
         4          0          0          0          0         68   printf1.o
       100          0          0          0          0         68   retnan.o
        92          0          0          0          0         68   scalbn.o
        48          0          0          0          0         68   trapv.o
         0          0          0          0          0          0   usenofp.o
       156          8          0          0          0        104   cos.o
       252         22         48          0          0        124   cos_i.o
        68         10          0          0          0        408   dunder.o
       148          4          0          0          0         88   fmod.o
        40          0          0          0          0         68   fpclassify.o
       170          0          0          0          0         96   poly.o
      2520        190        136          0          0        324   pow.o
         0          0          8          0          0          0   qnan.o
       904         76        200          0          0        140   rred.o
       236         12         40          0          0        128   sin_i.o
        76          0          0          0          0         84   sqrt.o
       822         42          0         13          0       5047   flexible_button.o
       204          4          0          0         48     217897   gps.o
      1552        154          0          4       1392      10930   max30102.o
      2012        172          0          0        320      13482   mysoftiic.o
       508          0          0          0          0       4539   oled.o
       496        112          0          1         40       7519   stmflash.o

    ----------------------------------------------------------------------
     21808       1414        670         20       1900     268758   Library Totals
        38          0          5          2          4          0   (incl. Padding)

    ----------------------------------------------------------------------

      Code (inc. data)   RO Data    RW Data    ZI Data      Debug   Library Name

      6156        240        233          0         96       4660   c_w.l
      5450        368          0          0          0       3120   fz_ws.l
      4570        322        432          0          0       1564   m_ws.l
      5594        484          0         18       1800     259414   our_lib.lib

    ----------------------------------------------------------------------
     21808       1414        670         20       1900     268758   Library Totals

    ----------------------------------------------------------------------

==============================================================================


      Code (inc. data)   RO Data    RW Data    ZI Data      Debug   

     48032       5618       8076        684      12748     703154   Grand Totals
     48032       5618       8076        244      12748     703154   ELF Image Totals (compressed)
     48032       5618       8076        244          0          0   ROM Totals

==============================================================================

    Total RO  Size (Code + RO Data)                56108 (  54.79kB)
    Total RW  Size (RW Data + ZI Data)             13432 (  13.12kB)
    Total ROM Size (Code + RO Data + RW Data)      56352 (  55.03kB)

==============================================================================

