<html>
<body>
<pre>
<h1>礦ision Build Log</h1>
<h2>Tool Versions:</h2>
IDE-Version: μVision V5.24.2.0
Copyright (C) 2017 ARM Ltd and ARM Germany GmbH. All rights reserved.
License Information: A Admin, A, LIC=PE7DL-0PSJ8-9UC4U-SYVZK-7JGC2-9I6LI
 
Tool Versions:
Toolchain:       MDK-ARM Plus  Version: 5.24.1
Toolchain Path:  D:\keil5\ARM\ARMCC\Bin
C Compiler:      Armcc.exe V5.06 update 5 (build 528)
Assembler:       Armasm.exe V5.06 update 5 (build 528)
Linker/Locator:  ArmLink.exe V5.06 update 5 (build 528)
Library Manager: ArmAr.exe V5.06 update 5 (build 528)
Hex Converter:   FromElf.exe V5.06 update 5 (build 528)
CPU DLL:         SARMCM3.DLL V5.24.1
Dialog DLL:      DCM.DLL V1.16.0.0
Target DLL:      STLink\ST-LINKIII-KEIL_SWO.dll V3.0.1.0
Dialog DLL:      TCM.DLL V1.32.0.0
 
<h2>Project:</h2>
D:\BaiduNetdiskDownload\客户资料\单片机程序\old_man_fall_soft_4G\old_man_fall_soft_4G\USER\stm32f103c8t6.uvprojx
Project File Date:  04/25/2026

<h2>Output:</h2>
*** Using Compiler 'V5.06 update 5 (build 528)', folder: 'D:\keil5\ARM\ARMCC\Bin'
Rebuild target 'old_man_fall'
assembling startup_stm32f10x_hd.s...
compiling crc.c...
compiling core_cm3.c...
compiling stm32f10x_adc.c...
compiling config.c...
compiling stm32f10x_it.c...
compiling misc.c...
compiling app.c...
compiling stm32f10x_bkp.c...
compiling main.c...
main.c(52): warning:  #177-D: variable "sms_data_tick"  was declared but never referenced
  static uint32_t sms_data_tick = 0;
main.c(55): warning:  #177-D: variable "adc_data_tick"  was declared but never referenced
  static uint32_t adc_data_tick = 0;
main.c(57): warning:  #177-D: variable "sr04_data_tick"  was declared but never referenced
  static uint32_t sr04_data_tick = 0;
main.c(58): warning:  #177-D: variable "audio_tick"  was declared but never referenced
  static uint32_t audio_tick = 0;
main.c: 4 warnings, 0 errors
compiling system_stm32f10x.c...
compiling FFT_256.c...
compiling stm32f10x_can.c...
compiling stm32f10x_cec.c...
compiling stm32f10x_crc.c...
compiling stm32f10x_dbgmcu.c...
compiling stm32f10x_dac.c...
compiling stm32f10x_exti.c...
compiling stm32f10x_dma.c...
compiling stm32f10x_fsmc.c...
compiling stm32f10x_flash.c...
compiling stm32f10x_gpio.c...
compiling stm32f10x_pwr.c...
compiling stm32f10x_i2c.c...
compiling stm32f10x_iwdg.c...
compiling stm32f10x_rcc.c...
compiling stm32f10x_rtc.c...
compiling stm32f10x_sdio.c...
compiling stm32f10x_spi.c...
compiling stm32f10x_usart.c...
compiling stm32f10x_wwdg.c...
compiling stm32f10x_tim.c...
compiling delay.c...
compiling led.c...
compiling Mpu_6050.c...
compiling key.c...
..\appcode\stm32f103c8t6\DRV\KEY\key.c(19): warning:  #177-D: variable "enum_event_string"  was declared but never referenced
  static char *enum_event_string[] = {
..\appcode\stm32f103c8t6\DRV\KEY\key.c: 1 warning, 0 errors
compiling sys.c...
compiling usart.c...
compiling timer.c...
compiling menu.c...
..\appcode\stm32f103c8t6\MENU\menu.c(455): warning:  #1256-D: "menusize_t" would have been promoted to "int" when passed through the ellipsis parameter; use the latter type instead
          selectItem = 
a_arg(pItemList, menusize_t);
..\appcode\stm32f103c8t6\MENU\menu.c(100): warning:  #177-D: function "MianMenu"  was declared but never referenced
  static MenuCtrl_t *MianMenu(void)
..\appcode\stm32f103c8t6\MENU\menu.c: 2 warnings, 0 errors
compiling sms4g.c...
..\appcode\stm32f103c8t6\DRV\SMS\sms4g.c(16): warning:  #188-D: enumerated type mixed with another type
  SmsStateMachine g_sms_fsm = {0};
..\appcode\stm32f103c8t6\DRV\SMS\sms4g.c(114): warning:  #223-D: function "USART1_Send_Data" declared implicitly
      USART1_Send_Data((uint8_t *)cmd, strlen(cmd));
..\appcode\stm32f103c8t6\DRV\SMS\sms4g.c(141): warning:  #223-D: function "USART1_Send_Data" declared implicitly
          USART1_Send_Data((uint8_t *)"AT\r\n", 4);
..\appcode\stm32f103c8t6\DRV\SMS\sms4g.c(209): warning:  #223-D: function "USART1_Send_Data" declared implicitly
          if (USART1_Send_Data((uint8_t *)cmd, strlen(cmd)))
..\appcode\stm32f103c8t6\DRV\SMS\sms4g.c(226): warning:  #223-D: function "USART1_Send_Data" declared implicitly
              USART1_Send_Data((uint8_t *)"\x1A", 1); // 防止上一次一场失败
..\appcode\stm32f103c8t6\DRV\SMS\sms4g.c(231): warning:  #223-D: function "USART1_Send_Data" declared implicitly
          if (USART1_Send_Data((uint8_t *)g_sms_fsm.content_ptr, g_sms_fsm.content_len))
..\appcode\stm32f103c8t6\DRV\SMS\sms4g.c(239): warning:  #223-D: function "USART1_Send_Data" declared implicitly
          if (USART1_Send_Data((uint8_t *)"\x1A", 1))
..\appcode\stm32f103c8t6\DRV\SMS\sms4g.c(276): warning:  #167-D: argument of type "char *" is incompatible with parameter of type "uint8_t *"
      rxLen = queue_read(&my_uart1_rx_Q, rx_buf, sizeof(rx_buf));
..\appcode\stm32f103c8t6\DRV\SMS\sms4g.c(289): warning:  #167-D: argument of type "uint8_t *" is incompatible with parameter of type "const char *"
              if (strstr(atCmdBuf, expected))
..\appcode\stm32f103c8t6\DRV\SMS\sms4g.c(370): warning:  #167-D: argument of type "uint8_t *" is incompatible with parameter of type "const char *"
      sms_send_trigger(cfg_data.phone, ucs2_payload, payload_len);
..\appcode\stm32f103c8t6\DRV\SMS\sms4g.c(370): warning:  #167-D: argument of type "uint8_t *" is incompatible with parameter of type "const char *"
      sms_send_trigger(cfg_data.phone, ucs2_payload, payload_len);
..\appcode\stm32f103c8t6\DRV\SMS\sms4g.c: 11 warnings, 0 errors
compiling mymath.c...
compiling ds18b20.c...
compiling mainhmi.c...
compiling common.c...
compiling dataPointTools.c...
compiling menu_key.c...
..\appcode\stm32f103c8t6\MENU\menu_key.c(137): warning:  #186-D: pointless comparison of unsigned integer with zero
              if (cfg_data.sqo2_min < 0)
..\appcode\stm32f103c8t6\MENU\menu_key.c: 1 warning, 0 errors
compiling main_set_menu_hmi.c...
compiling gui.c...
..\appcode\stm32f103c8t6\DRV\OLED\oledfont.h(206): warning:  #2548-D: multicharacter character literal (potential portability problem)
      '温',
..\appcode\stm32f103c8t6\DRV\OLED\oledfont.h(210): warning:  #2548-D: multicharacter character literal (potential portability problem)
      '湿',
..\appcode\stm32f103c8t6\DRV\OLED\oledfont.h(214): warning:  #2548-D: multicharacter character literal (potential portability problem)
      '度',
..\appcode\stm32f103c8t6\DRV\OLED\oledfont.h(218): warning:  #2548-D: multicharacter character literal (potential portability problem)
      '欢',
..\appcode\stm32f103c8t6\DRV\OLED\oledfont.h(222): warning:  #2548-D: multicharacter character literal (potential portability problem)
      '迎',
..\appcode\stm32f103c8t6\DRV\OLED\oledfont.h(226): warning:  #2548-D: multicharacter character literal (potential portability problem)
      '使',
..\appcode\stm32f103c8t6\DRV\OLED\oledfont.h(230): warning:  #2548-D: multicharacter character literal (potential portability problem)
      '用',
..\appcode\stm32f103c8t6\DRV\OLED\oledfont.h(234): warning:  #2548-D: multicharacter character literal (potential portability problem)
      '酒',
..\appcode\stm32f103c8t6\DRV\OLED\oledfont.h(238): warning:  #2548-D: multicharacter character literal (potential portability problem)
      '精',
..\appcode\stm32f103c8t6\DRV\OLED\oledfont.h(242): warning:  #2548-D: multicharacter character literal (potential portability problem)
      '检',
..\appcode\stm32f103c8t6\DRV\OLED\oledfont.h(246): warning:  #2548-D: multicharacter character literal (potential portability problem)
      '测',
..\appcode\stm32f103c8t6\DRV\OLED\oledfont.h(250): warning:  #2548-D: multicharacter character literal (potential portability problem)
      '系',
..\appcode\stm32f103c8t6\DRV\OLED\oledfont.h(254): warning:  #2548-D: multicharacter character literal (potential portability problem)
      '统',
..\appcode\stm32f103c8t6\DRV\OLED\oledfont.h(258): warning:  #2548-D: multicharacter character literal (potential portability problem)
      '浓',
..\appcode\stm32f103c8t6\DRV\OLED\oledfont.h(262): warning:  #2548-D: multicharacter character literal (potential portability problem)
      '汽',
..\appcode\stm32f103c8t6\DRV\OLED\oledfont.h(267): warning:  #2548-D: multicharacter character literal (potential portability problem)
      '车',
..\appcode\stm32f103c8t6\DRV\OLED\oledfont.h(272): warning:  #2548-D: multicharacter character literal (potential portability problem)
      '报',
..\appcode\stm32f103c8t6\DRV\OLED\oledfont.h(277): warning:  #2548-D: multicharacter character literal (potential portability problem)
      '警',
..\appcode\stm32f103c8t6\DRV\OLED\oledfont.h(282): warning:  #2548-D: multicharacter character literal (potential portability problem)
      '间',
..\appcode\stm32f103c8t6\DRV\OLED\oledfont.h(287): warning:  #2548-D: multicharacter character literal (potential portability problem)
      '隔',
..\appcode\stm32f103c8t6\DRV\OLED\oledfont.h(292): warning:  #2548-D: multicharacter character literal (potential portability problem)
      '校',
..\appcode\stm32f103c8t6\DRV\OLED\oledfont.h(297): warning:  #2548-D: multicharacter character literal (potential portability problem)
      '准',
..\appcode\stm32f103c8t6\DRV\OLED\oledfont.h(302): warning:  #2548-D: multicharacter character literal (potential portability problem)
      '值',
..\appcode\stm32f103c8t6\DRV\OLED\oledfont.h(307): warning:  #2548-D: multicharacter character literal (potential portability problem)
      '退',
..\appcode\stm32f103c8t6\DRV\OLED\oledfont.h(312): warning:  #2548-D: multicharacter character literal (potential portability problem)
      '出',
..\appcode\stm32f103c8t6\DRV\OLED\oledfont.h(317): warning:  #2548-D: multicharacter character literal (potential portability problem)
      '老',
..\appcode\stm32f103c8t6\DRV\OLED\oledfont.h(322): warning:  #2548-D: multicharacter character literal (potential portability problem)
      '人',
..\appcode\stm32f103c8t6\DRV\OLED\oledfont.h(327): warning:  #2548-D: multicharacter character literal (potential portability problem)
      '摔',
..\appcode\stm32f103c8t6\DRV\OLED\oledfont.h(332): warning:  #2548-D: multicharacter character literal (potential portability problem)
      '倒',
..\appcode\stm32f103c8t6\DRV\OLED\oledfont.h(337): warning:  #2548-D: multicharacter character literal (potential portability problem)
      '正',
..\appcode\stm32f103c8t6\DRV\OLED\oledfont.h(342): warning:  #2548-D: multicharacter character literal (potential portability problem)
      '常',
..\appcode\stm32f103c8t6\DRV\OLED\oledfont.h(347): warning:  #2548-D: multicharacter character literal (potential portability problem)
      '数',
..\appcode\stm32f103c8t6\DRV\OLED\oledfont.h(352): warning:  #2548-D: multicharacter character literal (potential portability problem)
      '据',
..\appcode\stm32f103c8t6\DRV\OLED\oledfont.h(357): warning:  #2548-D: multicharacter character literal (potential portability problem)
      '经',
..\appcode\stm32f103c8t6\DRV\OLED\oledfont.h(362): warning:  #2548-D: multicharacter character literal (potential portability problem)
      '纬',
..\appcode\stm32f103c8t6\DRV\OLED\oledfont.h(367): warning:  #2548-D: multicharacter character literal (potential portability problem)
      '心',
..\appcode\stm32f103c8t6\DRV\OLED\oledfont.h(372): warning:  #2548-D: multicharacter character literal (potential portability problem)
      '跳',
..\appcode\stm32f103c8t6\DRV\OLED\oledfont.h(377): warning:  #2548-D: multicharacter character literal (potential portability problem)
      '血',
..\appcode\stm32f103c8t6\DRV\OLED\oledfont.h(382): warning:  #2548-D: multicharacter character literal (potential portability problem)
      '氧',
..\appcode\stm32f103c8t6\DRV\OLED\oledfont.h(387): warning:  #2548-D: multicharacter character literal (potential portability problem)
      '采',
..\appcode\stm32f103c8t6\DRV\OLED\oledfont.h(392): warning:  #2548-D: multicharacter character literal (potential portability problem)
      '集',
..\appcode\stm32f103c8t6\DRV\OLED\oledfont.h(397): warning:  #2548-D: multicharacter character literal (potential portability problem)
      '中',
..\appcode\stm32f103c8t6\DRV\OLED\oledfont.h(402): warning:  #2548-D: multicharacter character literal (potential portability problem)
      '电',
..\appcode\stm32f103c8t6\DRV\OLED\oledfont.h(407): warning:  #2548-D: multicharacter character literal (potential portability problem)
      '话',
..\appcode\stm32f103c8t6\DRV\OLED\oledfont.h(412): warning:  #2548-D: multicharacter character literal (potential portability problem)
      '次',
..\appcode\stm32f103c8t6\DRV\OLED\oledfont.h(417): warning:  #2548-D: multicharacter character literal (potential portability problem)
      '秒',
..\appcode\stm32f103c8t6\DRV\OLED\oledfont.h(422): warning:  #2548-D: multicharacter character literal (potential portability problem)
      '前',
..\appcode\stm32f103c8t6\DRV\OLED\oledfont.h(427): warning:  #2548-D: multicharacter character literal (potential portability problem)
      '方',
..\appcode\stm32f103c8t6\DRV\OLED\oledfont.h(432): warning:  #2548-D: multicharacter character literal (potential portability problem)
      '障',
..\appcode\stm32f103c8t6\DRV\OLED\oledfont.h(437): warning:  #2548-D: multicharacter character literal (potential portability problem)
      '碍',
..\appcode\stm32f103c8t6\DRV\OLED\oledfont.h(442): warning:  #2548-D: multicharacter character literal (potential portability problem)
      '体',
..\appcode\stm32f103c8t6\DRV\OLED\oledfont.h(447): warning:  #2548-D: multicharacter character literal (potential portability problem)
      '℃',
..\appcode\stm32f103c8t6\DRV\OLED\oledfont.h(452): warning:  #2548-D: multicharacter character literal (potential portability problem)
      '步',
..\appcode\stm32f103c8t6\DRV\OLED\oledfont.h(457): warning:  #2548-D: multicharacter character literal (potential portability problem)
      '积',
..\appcode\stm32f103c8t6\DRV\OLED\oledfont.h(462): warning:  #2548-D: multicharacter character literal (potential portability problem)
      '水',
..\appcode\stm32f103c8t6\DRV\OLED\oledfont.h(467): warning:  #2548-D: multicharacter character literal (potential portability problem)
      '分',
..\appcode\stm32f103c8t6\DRV\OLED\oledfont.h(472): warning:  #2548-D: multicharacter character literal (potential portability problem)
      '防',
..\appcode\stm32f103c8t6\DRV\OLED\oledfont.h(477): warning:  #2548-D: multicharacter character literal (potential portability problem)
      '独',
..\appcode\stm32f103c8t6\DRV\OLED\oledfont.h(482): warning:  #2548-D: multicharacter character literal (potential portability problem)
      '居',
..\appcode\stm32f103c8t6\DRV\OLED\oledfont.h(487): warning:  #2548-D: multicharacter character literal (potential portability problem)
      '监',
..\appcode\stm32f103c8t6\DRV\OLED\oledfont.h(492): warning:  #2548-D: multicharacter character literal (potential portability problem)
      '护',
..\appcode\stm32f103c8t6\DRV\OLED\oledfont.h(497): warning:  #2548-D: multicharacter character literal (potential portability problem)
      '身',
..\appcode\stm32f103c8t6\DRV\OLED\oledfont.h(502): warning:  #2548-D: multicharacter character literal (potential portability problem)
      '查',
..\appcode\stm32f103c8t6\DRV\OLED\oledfont.h(507): warning:  #2548-D: multicharacter character literal (potential portability problem)
      '率',
..\appcode\stm32f103c8t6\DRV\OLED\oledfont.h(512): warning:  #2548-D: multicharacter character literal (potential portability problem)
      '上',
..\appcode\stm32f103c8t6\DRV\OLED\oledfont.h(517): warning:  #2548-D: multicharacter character literal (potential portability problem)
      '限',
..\appcode\stm32f103c8t6\DRV\OLED\oledfont.h(522): warning:  #2548-D: multicharacter character literal (potential portability problem)
      '下',
..\appcode\stm32f103c8t6\DRV\OLED\oledfont.h(527): warning:  #2548-D: multicharacter character literal (potential portability problem)
      '配',
..\appcode\stm32f103c8t6\DRV\OLED\oledfont.h(532): warning:  #2548-D: multicharacter character literal (potential portability problem)
      '置',
..\appcode\stm32f103c8t6\DRV\OLED\oledfont.h(537): warning:  #2548-D: multicharacter character literal (potential portability problem)
      '设',
..\appcode\stm32f103c8t6\DRV\OLED\oledfont.h(542): warning:  #2548-D: multicharacter character literal (potential portability problem)
      '运',
..\appcode\stm32f103c8t6\DRV\OLED\oledfont.h(547): warning:  #2548-D: multicharacter character literal (potential portability problem)
      '动',
..\appcode\stm32f103c8t6\DRV\OLED\oledfont.h(552): warning:  #2548-D: multicharacter character literal (potential portability problem)
      '员',
..\appcode\stm32f103c8t6\DRV\OLED\oledfont.h(557): warning:  #2548-D: multicharacter character literal (potential portability problem)
  	'工',
..\appcode\stm32f103c8t6\DRV\OLED\oledfont.h(562): warning:  #2548-D: multicharacter character literal (potential portability problem)
  	'跌',
..\appcode\stm32f103c8t6\DRV\OLED\oledfont.h(567): warning:  #2548-D: multicharacter character literal (potential portability problem)
  	'智',
..\appcode\stm32f103c8t6\DRV\OLED\oledfont.h(572): warning:  #2548-D: multicharacter character literal (potential portability problem)
  	'能',
..\appcode\stm32f103c8t6\DRV\OLED\oledfont.h(577): warning:  #2548-D: multicharacter character literal (potential portability problem)
  	'手',
..\appcode\stm32f103c8t6\DRV\OLED\oledfont.h(582): warning:  #2548-D: multicharacter character literal (potential portability problem)
  	'环',
..\appcode\stm32f103c8t6\DRV\OLED\oledfont.h(587): warning:  #2548-D: multicharacter character literal (potential portability problem)
  	'丢',
..\appcode\stm32f103c8t6\DRV\OLED\oledfont.h(592): warning:  #2548-D: multicharacter character literal (potential portability problem)
  	'失',
..\appcode\stm32f103c8t6\DRV\OLED\gui.c: 81 warnings, 0 errors
compiling gagent_md5.c...
compiling ringbuffer.c...
compiling gizwits_product.c...
..\appcode\stm32f103c8t6\cloudPlatform\Gizwits\gizwits_product.c(78): warning:  #181-D: argument is incompatible with corresponding format string conversion
              
IZWITS_LOG("Evt:EVENT_TEMP_MAX %4f\n",currentDataPoint.valueTEMP_MAX);
..\appcode\stm32f103c8t6\cloudPlatform\Gizwits\gizwits_product.c(101): warning:  #181-D: argument is incompatible with corresponding format string conversion
              
IZWITS_LOG("Evt:EVENT_SQO2_MIN %4f\n",currentDataPoint.valueSQO2_MIN);
..\appcode\stm32f103c8t6\cloudPlatform\Gizwits\gizwits_product.c(58): warning:  #177-D: variable "ptime"  was declared but never referenced
      protocolTime_t *ptime = (protocolTime_t *)gizdata;
..\appcode\stm32f103c8t6\cloudPlatform\Gizwits\gizwits_product.c: 3 warnings, 0 errors
compiling gizwits_protocol.c...
..\appcode\stm32f103c8t6\cloudPlatform\Gizwits\gizwits_protocol.c(151): warning:  #177-D: variable "bitFieldOffset"  was declared but never referenced
      uint32_t bitFieldOffset = 0;//Bit position offset
..\appcode\stm32f103c8t6\cloudPlatform\Gizwits\gizwits_protocol.c: 1 warning, 0 errors
linking...
Program Size: Code=48032 RO-data=8076 RW-data=684 ZI-data=12748  
FromELF: creating hex file...
"..\OBJ\our_lib.axf" - 0 Error(s), 104 Warning(s).

<h2>Software Packages used:</h2>

Package Vendor: Keil
                https://www.keil.com/pack/Keil.STM32F1xx_DFP.2.4.1.pack
                Keil.STM32F1xx_DFP.2.4.1
                STMicroelectronics STM32F1 Series Device Support, Drivers and Examples

<h2>Collection of Component include folders:</h2>
  .\RTE\_old_man_fall
  D:\keil5\ARM\PACK\Keil\STM32F1xx_DFP\2.4.1\Device\Include

<h2>Collection of Component Files used:</h2>
Build Time Elapsed:  00:00:06
</pre>
</body>
</html>
